Archive member included to satisfy reference by file (symbol)

c:/program files (x86)/atollic/truestudio for stm32 9.1.0/armtools/bin/../lib/gcc/arm-atollic-eabi/6.3.1/../../../../arm-atollic-eabi/lib/armv7-m\libc_nano.a(lib_a-init.o)
                              startup\startup_stm32f103xb.o (__libc_init_array)
c:/program files (x86)/atollic/truestudio for stm32 9.1.0/armtools/bin/../lib/gcc/arm-atollic-eabi/6.3.1/../../../../arm-atollic-eabi/lib/armv7-m\libc_nano.a(lib_a-sprintf.o)
                              Src\main.o (sprintf)
c:/program files (x86)/atollic/truestudio for stm32 9.1.0/armtools/bin/../lib/gcc/arm-atollic-eabi/6.3.1/../../../../arm-atollic-eabi/lib/armv7-m\libc_nano.a(lib_a-strlen.o)
                              Src\main.o (strlen)
c:/program files (x86)/atollic/truestudio for stm32 9.1.0/armtools/bin/../lib/gcc/arm-atollic-eabi/6.3.1/../../../../arm-atollic-eabi/lib/armv7-m\libc_nano.a(lib_a-impure.o)
                              c:/program files (x86)/atollic/truestudio for stm32 9.1.0/armtools/bin/../lib/gcc/arm-atollic-eabi/6.3.1/../../../../arm-atollic-eabi/lib/armv7-m\libc_nano.a(lib_a-sprintf.o) (_impure_ptr)
c:/program files (x86)/atollic/truestudio for stm32 9.1.0/armtools/bin/../lib/gcc/arm-atollic-eabi/6.3.1/../../../../arm-atollic-eabi/lib/armv7-m\libc_nano.a(lib_a-nano-svfprintf.o)
                              c:/program files (x86)/atollic/truestudio for stm32 9.1.0/armtools/bin/../lib/gcc/arm-atollic-eabi/6.3.1/../../../../arm-atollic-eabi/lib/armv7-m\libc_nano.a(lib_a-sprintf.o) (_svfprintf_r)
c:/program files (x86)/atollic/truestudio for stm32 9.1.0/armtools/bin/../lib/gcc/arm-atollic-eabi/6.3.1/../../../../arm-atollic-eabi/lib/armv7-m\libc_nano.a(lib_a-nano-vfprintf_i.o)
                              c:/program files (x86)/atollic/truestudio for stm32 9.1.0/armtools/bin/../lib/gcc/arm-atollic-eabi/6.3.1/../../../../arm-atollic-eabi/lib/armv7-m\libc_nano.a(lib_a-nano-svfprintf.o) (_printf_i)
c:/program files (x86)/atollic/truestudio for stm32 9.1.0/armtools/bin/../lib/gcc/arm-atollic-eabi/6.3.1/../../../../arm-atollic-eabi/lib/armv7-m\libc_nano.a(lib_a-memchr-stub.o)
                              c:/program files (x86)/atollic/truestudio for stm32 9.1.0/armtools/bin/../lib/gcc/arm-atollic-eabi/6.3.1/../../../../arm-atollic-eabi/lib/armv7-m\libc_nano.a(lib_a-nano-svfprintf.o) (memchr)
c:/program files (x86)/atollic/truestudio for stm32 9.1.0/armtools/bin/../lib/gcc/arm-atollic-eabi/6.3.1/../../../../arm-atollic-eabi/lib/armv7-m\libc_nano.a(lib_a-memcpy-stub.o)
                              c:/program files (x86)/atollic/truestudio for stm32 9.1.0/armtools/bin/../lib/gcc/arm-atollic-eabi/6.3.1/../../../../arm-atollic-eabi/lib/armv7-m\libc_nano.a(lib_a-nano-svfprintf.o) (memcpy)
c:/program files (x86)/atollic/truestudio for stm32 9.1.0/armtools/bin/../lib/gcc/arm-atollic-eabi/6.3.1/../../../../arm-atollic-eabi/lib/armv7-m\libc_nano.a(lib_a-memmove.o)
                              c:/program files (x86)/atollic/truestudio for stm32 9.1.0/armtools/bin/../lib/gcc/arm-atollic-eabi/6.3.1/../../../../arm-atollic-eabi/lib/armv7-m\libc_nano.a(lib_a-nano-svfprintf.o) (memmove)
c:/program files (x86)/atollic/truestudio for stm32 9.1.0/armtools/bin/../lib/gcc/arm-atollic-eabi/6.3.1/../../../../arm-atollic-eabi/lib/armv7-m\libc_nano.a(lib_a-nano-freer.o)
                              c:/program files (x86)/atollic/truestudio for stm32 9.1.0/armtools/bin/../lib/gcc/arm-atollic-eabi/6.3.1/../../../../arm-atollic-eabi/lib/armv7-m\libc_nano.a(lib_a-nano-svfprintf.o) (_free_r)
c:/program files (x86)/atollic/truestudio for stm32 9.1.0/armtools/bin/../lib/gcc/arm-atollic-eabi/6.3.1/../../../../arm-atollic-eabi/lib/armv7-m\libc_nano.a(lib_a-nano-mallocr.o)
                              c:/program files (x86)/atollic/truestudio for stm32 9.1.0/armtools/bin/../lib/gcc/arm-atollic-eabi/6.3.1/../../../../arm-atollic-eabi/lib/armv7-m\libc_nano.a(lib_a-nano-svfprintf.o) (_malloc_r)
c:/program files (x86)/atollic/truestudio for stm32 9.1.0/armtools/bin/../lib/gcc/arm-atollic-eabi/6.3.1/../../../../arm-atollic-eabi/lib/armv7-m\libc_nano.a(lib_a-nano-reallocr.o)
                              c:/program files (x86)/atollic/truestudio for stm32 9.1.0/armtools/bin/../lib/gcc/arm-atollic-eabi/6.3.1/../../../../arm-atollic-eabi/lib/armv7-m\libc_nano.a(lib_a-nano-svfprintf.o) (_realloc_r)
c:/program files (x86)/atollic/truestudio for stm32 9.1.0/armtools/bin/../lib/gcc/arm-atollic-eabi/6.3.1/../../../../arm-atollic-eabi/lib/armv7-m\libc_nano.a(lib_a-sbrkr.o)
                              c:/program files (x86)/atollic/truestudio for stm32 9.1.0/armtools/bin/../lib/gcc/arm-atollic-eabi/6.3.1/../../../../arm-atollic-eabi/lib/armv7-m\libc_nano.a(lib_a-nano-mallocr.o) (_sbrk_r)
c:/program files (x86)/atollic/truestudio for stm32 9.1.0/armtools/bin/../lib/gcc/arm-atollic-eabi/6.3.1/../../../../arm-atollic-eabi/lib/armv7-m\libc_nano.a(lib_a-mlock.o)
[...]
Memory Configuration

Name             Origin             Length             Attributes
RAM              0x20000000         0x00005000         xrw
FLASH            0x08000000         0x00010000         xr
*default*        0x00000000         0xffffffff

Linker script and memory map

LOAD c:/program files (x86)/atollic/truestudio for stm32 9.1.0/armtools/bin/../lib/gcc/arm-atollic-eabi/6.3.1/armv7-m/crti.o
LOAD c:/program files (x86)/atollic/truestudio for stm32 9.1.0/armtools/bin/../lib/gcc/arm-atollic-eabi/6.3.1/armv7-m/crtbegin.o
LOAD Drivers\STM32F1xx_HAL_Driver\Src\stm32f1xx_hal.o
LOAD Drivers\STM32F1xx_HAL_Driver\Src\stm32f1xx_hal_cortex.o
LOAD Drivers\STM32F1xx_HAL_Driver\Src\stm32f1xx_hal_dma.o
LOAD Drivers\STM32F1xx_HAL_Driver\Src\stm32f1xx_hal_flash.o
LOAD Drivers\STM32F1xx_HAL_Driver\Src\stm32f1xx_hal_flash_ex.o
LOAD Drivers\STM32F1xx_HAL_Driver\Src\stm32f1xx_hal_gpio.o
LOAD Drivers\STM32F1xx_HAL_Driver\Src\stm32f1xx_hal_gpio_ex.o
LOAD Drivers\STM32F1xx_HAL_Driver\Src\stm32f1xx_hal_i2c.o
LOAD Drivers\STM32F1xx_HAL_Driver\Src\stm32f1xx_hal_pcd.o
LOAD Drivers\STM32F1xx_HAL_Driver\Src\stm32f1xx_hal_pcd_ex.o
LOAD Drivers\STM32F1xx_HAL_Driver\Src\stm32f1xx_hal_pwr.o
LOAD Drivers\STM32F1xx_HAL_Driver\Src\stm32f1xx_hal_rcc.o
LOAD Drivers\STM32F1xx_HAL_Driver\Src\stm32f1xx_hal_rcc_ex.o
LOAD Drivers\STM32F1xx_HAL_Driver\Src\stm32f1xx_hal_tim.o
LOAD Drivers\STM32F1xx_HAL_Driver\Src\stm32f1xx_hal_tim_ex.o
LOAD Drivers\STM32F1xx_HAL_Driver\Src\stm32f1xx_ll_usb.o
LOAD Middlewares\ST\STM32_USB_Device_Library\Class\CDC\Src\usbd_cdc.o
LOAD Middlewares\ST\STM32_USB_Device_Library\Core\Src\usbd_core.o
LOAD Middlewares\ST\STM32_USB_Device_Library\Core\Src\usbd_ctlreq.o
LOAD Middlewares\ST\STM32_USB_Device_Library\Core\Src\usbd_ioreq.o
LOAD Src\main.o
LOAD Src\nokia5110.o
LOAD Src\stm32f1xx_hal_msp.o
LOAD Src\stm32f1xx_it.o
LOAD Src\system_stm32f1xx.o
LOAD Src\usb_device.o
LOAD Src\usbd_cdc_if.o
LOAD Src\usbd_conf.o
LOAD Src\usbd_desc.o
LOAD startup\startup_stm32f103xb.o
                0x00000080                malloc_getpagesize_P = 0x80
START GROUP
LOAD c:/program files (x86)/atollic/truestudio for stm32 9.1.0/armtools/bin/../lib/gcc/arm-atollic-eabi/6.3.1/../../../../arm-atollic-eabi/lib/armv7-m\libc_nano.a
LOAD c:/program files (x86)/atollic/truestudio for stm32 9.1.0/armtools/bin/../lib/gcc/arm-atollic-eabi/6.3.1/../../../../arm-atollic-eabi/lib/armv7-m\libm.a
END GROUP
START GROUP
LOAD c:/program files (x86)/atollic/truestudio for stm32 9.1.0/armtools/bin/../lib/gcc/arm-atollic-eabi/6.3.1/armv7-m\libgcc.a
LOAD c:/program files (x86)/atollic/truestudio for stm32 9.1.0/armtools/bin/../lib/gcc/arm-atollic-eabi/6.3.1/../../../../arm-atollic-eabi/lib/armv7-m\libc_nano.a
END GROUP
START GROUP
LOAD c:/program files (x86)/atollic/truestudio for stm32 9.1.0/armtools/bin/../lib/gcc/arm-atollic-eabi/6.3.1/armv7-m\libgcc.a
LOAD c:/program files (x86)/atollic/truestudio for stm32 9.1.0/armtools/bin/../lib/gcc/arm-atollic-eabi/6.3.1/../../../../arm-atollic-eabi/lib/armv7-m\libc_nano.a
LOAD c:/program files (x86)/atollic/truestudio for stm32 9.1.0/armtools/bin/../lib/gcc/arm-atollic-eabi/6.3.1/../../../../arm-atollic-eabi/lib/armv7-m\libnosys.a
END GROUP
START GROUP
LOAD c:/program files (x86)/atollic/truestudio for stm32 9.1.0/armtools/bin/../lib/gcc/arm-atollic-eabi/6.3.1/armv7-m\libgcc.a
LOAD c:/program files (x86)/atollic/truestudio for stm32 9.1.0/armtools/bin/../lib/gcc/arm-atollic-eabi/6.3.1/../../../../arm-atollic-eabi/lib/armv7-m\libc_nano.a
LOAD c:/program files (x86)/atollic/truestudio for stm32 9.1.0/armtools/bin/../lib/gcc/arm-atollic-eabi/6.3.1/../../../../arm-atollic-eabi/lib/armv7-m\libnosys.a
END GROUP
LOAD c:/program files (x86)/atollic/truestudio for stm32 9.1.0/armtools/bin/../lib/gcc/arm-atollic-eabi/6.3.1/armv7-m/crtend.o
LOAD c:/program files (x86)/atollic/truestudio for stm32 9.1.0/armtools/bin/../lib/gcc/arm-atollic-eabi/6.3.1/armv7-m/crtn.o
                0x20005000                _estack = 0x20005000
                0x00000200                _Min_Heap_Size = 0x200
                0x00000400                _Min_Stack_Size = 0x400

.isr_vector     0x08000000      0x10c
                0x08000000                . = ALIGN (0x4)
 *(.isr_vector)
 .isr_vector    0x08000000      0x10c startup\startup_stm32f103xb.o
                0x08000000                g_pfnVectors
                0x0800010c                . = ALIGN (0x4)

.text           0x0800010c     0x5c40
                0x0800010c                . = ALIGN (0x4)
 *(.text)
 .text          0x0800010c       0x40 c:/program files (x86)/atollic/truestudio for stm32 9.1.0/armtools/bin/../lib/gcc/arm-atollic-eabi/6.3.1/armv7-m/crtbegin.o
 .text          0x0800014c       0x10 c:/program files (x86)/atollic/truestudio for stm32 9.1.0/armtools/bin/../lib/gcc/arm-atollic-eabi/6.3.1/../../../../arm-atollic-eabi/lib/armv7-m\libc_nano.a(lib_a-strlen.o)
                0x0800014c                strlen
 *(.text*)
 .text.HAL_InitTick
                0x0800015c       0x48 Drivers\STM32F1xx_HAL_Driver\Src\stm32f1xx_hal.o
                0x0800015c                HAL_InitTick
 .text.HAL_Init
                0x080001a4       0x24 Drivers\STM32F1xx_HAL_Driver\Src\stm32f1xx_hal.o
                0x080001a4                HAL_Init
 .text.HAL_IncTick
                0x080001c8       0x18 Drivers\STM32F1xx_HAL_Driver\Src\stm32f1xx_hal.o
                0x080001c8                HAL_IncTick
 .text.HAL_GetTick
                0x080001e0        0xc Drivers\STM32F1xx_HAL_Driver\Src\stm32f1xx_hal.o
                0x080001e0                HAL_GetTick
 .text.HAL_Delay
                0x080001ec       0x24 Drivers\STM32F1xx_HAL_Driver\Src\stm32f1xx_hal.o
                0x080001ec                HAL_Delay
 .text.HAL_NVIC_SetPriorityGrouping
                0x08000210       0x24 Drivers\STM32F1xx_HAL_Driver\Src\stm32f1xx_hal_cortex.o
                0x08000210                HAL_NVIC_SetPriorityGrouping
 .text.HAL_NVIC_SetPriority
                0x08000234       0x6c Drivers\STM32F1xx_HAL_Driver\Src\stm32f1xx_hal_cortex.o
                0x08000234                HAL_NVIC_SetPriority
 .text.HAL_NVIC_EnableIRQ
                0x080002a0       0x18 Drivers\STM32F1xx_HAL_Driver\Src\stm32f1xx_hal_cortex.o
                0x080002a0                HAL_NVIC_EnableIRQ
 .text.HAL_NVIC_DisableIRQ
                0x080002b8       0x1c Drivers\STM32F1xx_HAL_Driver\Src\stm32f1xx_hal_cortex.o
                0x080002b8                HAL_NVIC_DisableIRQ
 .text.HAL_SYSTICK_Config
                0x080002d4       0x30 Drivers\STM32F1xx_HAL_Driver\Src\stm32f1xx_hal_cortex.o
                0x080002d4                HAL_SYSTICK_Config
 .text.HAL_SYSTICK_CLKSourceConfig
                0x08000304       0x18 Drivers\STM32F1xx_HAL_Driver\Src\stm32f1xx_hal_cortex.o
                0x08000304                HAL_SYSTICK_CLKSourceConfig
 .text.HAL_SYSTICK_Callback
                0x0800031c        0x4 Drivers\STM32F1xx_HAL_Driver\Src\stm32f1xx_hal_cortex.o
                0x0800031c                HAL_SYSTICK_Callback
 .text.HAL_SYSTICK_IRQHandler
                0x08000320        0x8 Drivers\STM32F1xx_HAL_Driver\Src\stm32f1xx_hal_cortex.o
                0x08000320                HAL_SYSTICK_IRQHandler
 .text.HAL_DMA_Abort_IT
                0x08000328       0x98 Drivers\STM32F1xx_HAL_Driver\Src\stm32f1xx_hal_dma.o
                0x08000328                HAL_DMA_Abort_IT
 .text.HAL_GPIO_Init
                0x080003c0      0x204 Drivers\STM32F1xx_HAL_Driver\Src\stm32f1xx_hal_gpio.o
                0x080003c0                HAL_GPIO_Init
 .text.HAL_GPIO_ReadPin
                0x080005c4        0xc Drivers\STM32F1xx_HAL_Driver\Src\stm32f1xx_hal_gpio.o
                0x080005c4                HAL_GPIO_ReadPin
 .text.HAL_GPIO_WritePin
                0x080005d0        0x8 Drivers\STM32F1xx_HAL_Driver\Src\stm32f1xx_hal_gpio.o
                0x080005d0                HAL_GPIO_WritePin
 .text.HAL_GPIO_TogglePin
                0x080005d8        0x8 Drivers\STM32F1xx_HAL_Driver\Src\stm32f1xx_hal_gpio.o
                0x080005d8                HAL_GPIO_TogglePin
 .text.I2C_WaitOnMasterAddressFlagUntilTimeout
                0x080005e0       0x90 Drivers\STM32F1xx_HAL_Driver\Src\stm32f1xx_hal_i2c.o
 .text.I2C_WaitOnFlagUntilTimeout
                0x08000670       0x6c Drivers\STM32F1xx_HAL_Driver\Src\stm32f1xx_hal_i2c.o
 .text.I2C_WaitOnBTFFlagUntilTimeout
                0x080006dc       0x60 Drivers\STM32F1xx_HAL_Driver\Src\stm32f1xx_hal_i2c.o
 .text.I2C_WaitOnRXNEFlagUntilTimeout
                0x0800073c       0x58 Drivers\STM32F1xx_HAL_Driver\Src\stm32f1xx_hal_i2c.o
 .text.I2C_WaitOnTXEFlagUntilTimeout
                0x08000794       0x60 Drivers\STM32F1xx_HAL_Driver\Src\stm32f1xx_hal_i2c.o
 .text.I2C_RequestMemoryWrite
                0x080007f4       0xb4 Drivers\STM32F1xx_HAL_Driver\Src\stm32f1xx_hal_i2c.o
 .text.I2C_RequestMemoryRead
                0x080008a8      0x104 Drivers\STM32F1xx_HAL_Driver\Src\stm32f1xx_hal_i2c.o
 .text.HAL_I2C_Init
                0x080009ac      0x11c Drivers\STM32F1xx_HAL_Driver\Src\stm32f1xx_hal_i2c.o
                0x080009ac                HAL_I2C_Init
 .text.HAL_I2C_Mem_Write
                0x08000ac8      0x140 Drivers\STM32F1xx_HAL_Driver\Src\stm32f1xx_hal_i2c.o
                0x08000ac8                HAL_I2C_Mem_Write
 .text.HAL_I2C_Mem_Read
                0x08000c08      0x294 Drivers\STM32F1xx_HAL_Driver\Src\stm32f1xx_hal_i2c.o
                0x08000c08                HAL_I2C_Mem_Read
 .text.HAL_I2C_MasterTxCpltCallback
                0x08000e9c        0x4 Drivers\STM32F1xx_HAL_Driver\Src\stm32f1xx_hal_i2c.o
                0x08000e9c                HAL_I2C_MasterTxCpltCallback
 .text.HAL_I2C_MasterRxCpltCallback
                0x08000ea0        0x4 Drivers\STM32F1xx_HAL_Driver\Src\stm32f1xx_hal_i2c.o
                0x08000ea0                HAL_I2C_MasterRxCpltCallback
 .text.HAL_I2C_SlaveTxCpltCallback
                0x08000ea4        0x4 Drivers\STM32F1xx_HAL_Driver\Src\stm32f1xx_hal_i2c.o
                0x08000ea4                HAL_I2C_SlaveTxCpltCallback
 .text.HAL_I2C_SlaveRxCpltCallback
                0x08000ea8        0x4 Drivers\STM32F1xx_HAL_Driver\Src\stm32f1xx_hal_i2c.o
                0x08000ea8                HAL_I2C_SlaveRxCpltCallback
 .text.HAL_I2C_AddrCallback
                0x08000eac        0x4 Drivers\STM32F1xx_HAL_Driver\Src\stm32f1xx_hal_i2c.o
                0x08000eac                HAL_I2C_AddrCallback
 .text.HAL_I2C_ListenCpltCallback
                0x08000eb0        0x4 Drivers\STM32F1xx_HAL_Driver\Src\stm32f1xx_hal_i2c.o
                0x08000eb0                HAL_I2C_ListenCpltCallback
 .text.HAL_I2C_MemTxCpltCallback
                0x08000eb4        0x4 Drivers\STM32F1xx_HAL_Driver\Src\stm32f1xx_hal_i2c.o
                0x08000eb4                HAL_I2C_MemTxCpltCallback
 .text.HAL_I2C_MemRxCpltCallback
                0x08000eb8        0x4 Drivers\STM32F1xx_HAL_Driver\Src\stm32f1xx_hal_i2c.o
                0x08000eb8                HAL_I2C_MemRxCpltCallback
 .text.HAL_I2C_ErrorCallback
                0x08000ebc        0x4 Drivers\STM32F1xx_HAL_Driver\Src\stm32f1xx_hal_i2c.o
                0x08000ebc                HAL_I2C_ErrorCallback
 .text.HAL_I2C_AbortCpltCallback
                0x08000ec0        0x4 Drivers\STM32F1xx_HAL_Driver\Src\stm32f1xx_hal_i2c.o
                0x08000ec0                HAL_I2C_AbortCpltCallback
 .text.I2C_ITError
                0x08000ec4      0x140 Drivers\STM32F1xx_HAL_Driver\Src\stm32f1xx_hal_i2c.o
 .text.HAL_I2C_EV_IRQHandler
                0x08001004      0x7d0 Drivers\STM32F1xx_HAL_Driver\Src\stm32f1xx_hal_i2c.o
                0x08001004                HAL_I2C_EV_IRQHandler
 .text.HAL_I2C_ER_IRQHandler
                0x080017d4      0x164 Drivers\STM32F1xx_HAL_Driver\Src\stm32f1xx_hal_i2c.o
                0x080017d4                HAL_I2C_ER_IRQHandler
 .text.I2C_DMAAbort
                0x08001938       0x4c Drivers\STM32F1xx_HAL_Driver\Src\stm32f1xx_hal_i2c.o
 .text.HAL_PCD_Init
                0x08001984       0xd8 Drivers\STM32F1xx_HAL_Driver\Src\stm32f1xx_hal_pcd.o
                0x08001984                HAL_PCD_Init
 .text.HAL_PCD_Start
                0x08001a5c       0x30 Drivers\STM32F1xx_HAL_Driver\Src\stm32f1xx_hal_pcd.o
                0x08001a5c                HAL_PCD_Start
 .text.HAL_PCD_SetAddress
                0x08001a8c       0x28 Drivers\STM32F1xx_HAL_Driver\Src\stm32f1xx_hal_pcd.o
                0x08001a8c                HAL_PCD_SetAddress
 .text.HAL_PCD_EP_Open
                0x08001ab4       0x4c Drivers\STM32F1xx_HAL_Driver\Src\stm32f1xx_hal_pcd.o
                0x08001ab4                HAL_PCD_EP_Open
 .text.HAL_PCD_EP_Close
                0x08001b00       0x48 Drivers\STM32F1xx_HAL_Driver\Src\stm32f1xx_hal_pcd.o
                0x08001b00                HAL_PCD_EP_Close
 .text.HAL_PCD_EP_Receive
                0x08001b48       0x30 Drivers\STM32F1xx_HAL_Driver\Src\stm32f1xx_hal_pcd.o
                0x08001b48                HAL_PCD_EP_Receive
 .text.HAL_PCD_EP_GetRxCount
                0x08001b78       0x10 Drivers\STM32F1xx_HAL_Driver\Src\stm32f1xx_hal_pcd.o
                0x08001b78                HAL_PCD_EP_GetRxCount
 .text.HAL_PCD_EP_Transmit
                0x08001b88       0x2c Drivers\STM32F1xx_HAL_Driver\Src\stm32f1xx_hal_pcd.o
                0x08001b88                HAL_PCD_EP_Transmit
 .text.HAL_PCD_IRQHandler
                0x08001bb4      0x540 Drivers\STM32F1xx_HAL_Driver\Src\stm32f1xx_hal_pcd.o
                0x08001bb4                HAL_PCD_IRQHandler
 .text.HAL_PCD_EP_SetStall
                0x080020f4       0x58 Drivers\STM32F1xx_HAL_Driver\Src\stm32f1xx_hal_pcd.o
                0x080020f4                HAL_PCD_EP_SetStall
 .text.HAL_PCD_EP_ClrStall
                0x0800214c       0x4c Drivers\STM32F1xx_HAL_Driver\Src\stm32f1xx_hal_pcd.o
                0x0800214c                HAL_PCD_EP_ClrStall
 .text.HAL_PCDEx_PMAConfig
                0x08002198       0x34 Drivers\STM32F1xx_HAL_Driver\Src\stm32f1xx_hal_pcd_ex.o
                0x08002198                HAL_PCDEx_PMAConfig
 .text.HAL_RCC_OscConfig
                0x080021cc      0x3d8 Drivers\STM32F1xx_HAL_Driver\Src\stm32f1xx_hal_rcc.o
                0x080021cc                HAL_RCC_OscConfig
 .text.HAL_RCC_GetSysClockFreq
                0x080025a4       0x70 Drivers\STM32F1xx_HAL_Driver\Src\stm32f1xx_hal_rcc.o
                0x080025a4                HAL_RCC_GetSysClockFreq
 .text.HAL_RCC_ClockConfig
                0x08002614      0x14c Drivers\STM32F1xx_HAL_Driver\Src\stm32f1xx_hal_rcc.o
                0x08002614                HAL_RCC_ClockConfig
 .text.HAL_RCC_GetHCLKFreq
                0x08002760        0xc Drivers\STM32F1xx_HAL_Driver\Src\stm32f1xx_hal_rcc.o
                0x08002760                HAL_RCC_GetHCLKFreq
 .text.HAL_RCC_GetPCLK1Freq
                0x0800276c       0x20 Drivers\STM32F1xx_HAL_Driver\Src\stm32f1xx_hal_rcc.o
                0x0800276c                HAL_RCC_GetPCLK1Freq
 .text.HAL_RCCEx_PeriphCLKConfig
                0x0800278c      0x108 Drivers\STM32F1xx_HAL_Driver\Src\stm32f1xx_hal_rcc_ex.o
                0x0800278c                HAL_RCCEx_PeriphCLKConfig
 .text.HAL_TIM_Base_Start_IT
                0x08002894       0x18 Drivers\STM32F1xx_HAL_Driver\Src\stm32f1xx_hal_tim.o
                0x08002894                HAL_TIM_Base_Start_IT
 .text.HAL_TIM_ConfigClockSource
                0x080028ac      0x180 Drivers\STM32F1xx_HAL_Driver\Src\stm32f1xx_hal_tim.o
                0x080028ac                HAL_TIM_ConfigClockSource
 .text.HAL_TIM_PeriodElapsedCallback
                0x08002a2c        0x4 Drivers\STM32F1xx_HAL_Driver\Src\stm32f1xx_hal_tim.o
                0x08002a2c                HAL_TIM_PeriodElapsedCallback
 .text.HAL_TIM_OC_DelayElapsedCallback
                0x08002a30        0x4 Drivers\STM32F1xx_HAL_Driver\Src\stm32f1xx_hal_tim.o
                0x08002a30                HAL_TIM_OC_DelayElapsedCallback
 .text.HAL_TIM_IC_CaptureCallback
                0x08002a34        0x4 Drivers\STM32F1xx_HAL_Driver\Src\stm32f1xx_hal_tim.o
                0x08002a34                HAL_TIM_IC_CaptureCallback
 .text.HAL_TIM_PWM_PulseFinishedCallback
                0x08002a38        0x4 Drivers\STM32F1xx_HAL_Driver\Src\stm32f1xx_hal_tim.o
                0x08002a38                HAL_TIM_PWM_PulseFinishedCallback
 .text.HAL_TIM_TriggerCallback
                0x08002a3c        0x4 Drivers\STM32F1xx_HAL_Driver\Src\stm32f1xx_hal_tim.o
                0x08002a3c                HAL_TIM_TriggerCallback
 .text.HAL_TIM_IRQHandler
                0x08002a40      0x154 Drivers\STM32F1xx_HAL_Driver\Src\stm32f1xx_hal_tim.o
                0x08002a40                HAL_TIM_IRQHandler
 .text.TIM_Base_SetConfig
                0x08002b94       0x7c Drivers\STM32F1xx_HAL_Driver\Src\stm32f1xx_hal_tim.o
                0x08002b94                TIM_Base_SetConfig
 .text.HAL_TIM_Base_Init
                0x08002c10       0x38 Drivers\STM32F1xx_HAL_Driver\Src\stm32f1xx_hal_tim.o
                0x08002c10                HAL_TIM_Base_Init
 .text.HAL_TIMEx_MasterConfigSynchronization
                0x08002c48       0x4c Drivers\STM32F1xx_HAL_Driver\Src\stm32f1xx_hal_tim_ex.o
                0x08002c48                HAL_TIMEx_MasterConfigSynchronization
 .text.HAL_TIMEx_CommutationCallback
                0x08002c94        0x4 Drivers\STM32F1xx_HAL_Driver\Src\stm32f1xx_hal_tim_ex.o
                0x08002c94                HAL_TIMEx_CommutationCallback
 .text.HAL_TIMEx_BreakCallback
                0x08002c98        0x4 Drivers\STM32F1xx_HAL_Driver\Src\stm32f1xx_hal_tim_ex.o
                0x08002c98                HAL_TIMEx_BreakCallback
 .text.USB_CoreInit
                0x08002c9c       0x10 Drivers\STM32F1xx_HAL_Driver\Src\stm32f1xx_ll_usb.o
                0x08002c9c                USB_CoreInit
 .text.USB_EnableGlobalInt
                0x08002cac       0x14 Drivers\STM32F1xx_HAL_Driver\Src\stm32f1xx_ll_usb.o
                0x08002cac                USB_EnableGlobalInt
 .text.USB_DisableGlobalInt
                0x08002cc0       0x14 Drivers\STM32F1xx_HAL_Driver\Src\stm32f1xx_ll_usb.o
                0x08002cc0                USB_DisableGlobalInt
 .text.USB_SetCurrentMode
                0x08002cd4        0x4 Drivers\STM32F1xx_HAL_Driver\Src\stm32f1xx_ll_usb.o
                0x08002cd4                USB_SetCurrentMode
 .text.USB_DevInit
                0x08002cd8       0x34 Drivers\STM32F1xx_HAL_Driver\Src\stm32f1xx_ll_usb.o
                0x08002cd8                USB_DevInit
 .text.USB_ActivateEndpoint
                0x08002d0c      0x330 Drivers\STM32F1xx_HAL_Driver\Src\stm32f1xx_ll_usb.o
                0x08002d0c                USB_ActivateEndpoint
 .text.USB_DeactivateEndpoint
                0x0800303c      0x1bc Drivers\STM32F1xx_HAL_Driver\Src\stm32f1xx_ll_usb.o
                0x0800303c                USB_DeactivateEndpoint
 .text.USB_EPStartXfer
                0x080031f8      0x21c Drivers\STM32F1xx_HAL_Driver\Src\stm32f1xx_ll_usb.o
                0x080031f8                USB_EPStartXfer
 .text.USB_EPSetStall
                0x08003414       0x74 Drivers\STM32F1xx_HAL_Driver\Src\stm32f1xx_ll_usb.o
                0x08003414                USB_EPSetStall
 .text.USB_EPClearStall
                0x08003488       0xa0 Drivers\STM32F1xx_HAL_Driver\Src\stm32f1xx_ll_usb.o
                0x08003488                USB_EPClearStall
 .text.USB_SetDevAddress
                0x08003528        0xc Drivers\STM32F1xx_HAL_Driver\Src\stm32f1xx_ll_usb.o
                0x08003528                USB_SetDevAddress
 .text.USB_DevConnect
                0x08003534        0x4 Drivers\STM32F1xx_HAL_Driver\Src\stm32f1xx_ll_usb.o
                0x08003534                USB_DevConnect
 .text.USB_DevDisconnect
                0x08003538        0x4 Drivers\STM32F1xx_HAL_Driver\Src\stm32f1xx_ll_usb.o
                0x08003538                USB_DevDisconnect
 .text.USB_ReadInterrupts
                0x0800353c        0x8 Drivers\STM32F1xx_HAL_Driver\Src\stm32f1xx_ll_usb.o
                0x0800353c                USB_ReadInterrupts
 .text.USB_EP0_OutStart
                0x08003544        0x4 Drivers\STM32F1xx_HAL_Driver\Src\stm32f1xx_ll_usb.o
                0x08003544                USB_EP0_OutStart
 .text.USB_WritePMA
                0x08003548       0x24 Drivers\STM32F1xx_HAL_Driver\Src\stm32f1xx_ll_usb.o
                0x08003548                USB_WritePMA
 .text.USB_ReadPMA
                0x0800356c       0x1c Drivers\STM32F1xx_HAL_Driver\Src\stm32f1xx_ll_usb.o
                0x0800356c                USB_ReadPMA
 .text.USBD_CDC_DataIn
                0x08003588       0x14 Middlewares\ST\STM32_USB_Device_Library\Class\CDC\Src\usbd_cdc.o
 .text.USBD_CDC_EP0_RxReady
                0x0800359c       0x28 Middlewares\ST\STM32_USB_Device_Library\Class\CDC\Src\usbd_cdc.o
 .text.USBD_CDC_GetFSCfgDesc
                0x080035c4        0xc Middlewares\ST\STM32_USB_Device_Library\Class\CDC\Src\usbd_cdc.o
 .text.USBD_CDC_GetHSCfgDesc
                0x080035d0        0xc Middlewares\ST\STM32_USB_Device_Library\Class\CDC\Src\usbd_cdc.o
 .text.USBD_CDC_GetOtherSpeedCfgDesc
                0x080035dc        0xc Middlewares\ST\STM32_USB_Device_Library\Class\CDC\Src\usbd_cdc.o
 .text.USBD_CDC_GetDeviceQualifierDescriptor
                0x080035e8        0xc Middlewares\ST\STM32_USB_Device_Library\Class\CDC\Src\usbd_cdc.o
                0x080035e8                USBD_CDC_GetDeviceQualifierDescriptor
 .text.USBD_CDC_DataOut
                0x080035f4       0x30 Middlewares\ST\STM32_USB_Device_Library\Class\CDC\Src\usbd_cdc.o
 .text.USBD_CDC_Setup
                0x08003624       0x74 Middlewares\ST\STM32_USB_Device_Library\Class\CDC\Src\usbd_cdc.o
 .text.USBD_CDC_DeInit
                0x08003698       0x3c Middlewares\ST\STM32_USB_Device_Library\Class\CDC\Src\usbd_cdc.o
 .text.USBD_CDC_Init
                0x080036d4       0x90 Middlewares\ST\STM32_USB_Device_Library\Class\CDC\Src\usbd_cdc.o
 .text.USBD_CDC_RegisterInterface
                0x08003764       0x10 Middlewares\ST\STM32_USB_Device_Library\Class\CDC\Src\usbd_cdc.o
                0x08003764                USBD_CDC_RegisterInterface
 .text.USBD_CDC_SetTxBuffer
                0x08003774       0x10 Middlewares\ST\STM32_USB_Device_Library\Class\CDC\Src\usbd_cdc.o
                0x08003774                USBD_CDC_SetTxBuffer
 .text.USBD_CDC_SetRxBuffer
                0x08003784        0xc Middlewares\ST\STM32_USB_Device_Library\Class\CDC\Src\usbd_cdc.o
                0x08003784                USBD_CDC_SetRxBuffer
 .text.USBD_CDC_TransmitPacket
                0x08003790       0x30 Middlewares\ST\STM32_USB_Device_Library\Class\CDC\Src\usbd_cdc.o
                0x08003790                USBD_CDC_TransmitPacket
 .text.USBD_CDC_ReceivePacket
                0x080037c0       0x30 Middlewares\ST\STM32_USB_Device_Library\Class\CDC\Src\usbd_cdc.o
                0x080037c0                USBD_CDC_ReceivePacket
 .text.USBD_Init
                0x080037f0       0x2c Middlewares\ST\STM32_USB_Device_Library\Core\Src\usbd_core.o
                0x080037f0                USBD_Init
 .text.USBD_RegisterClass
                0x0800381c       0x10 Middlewares\ST\STM32_USB_Device_Library\Core\Src\usbd_core.o
                0x0800381c                USBD_RegisterClass
 .text.USBD_Start
                0x0800382c        0xc Middlewares\ST\STM32_USB_Device_Library\Core\Src\usbd_core.o
                0x0800382c                USBD_Start
 .text.USBD_SetClassConfig
                0x08003838       0x14 Middlewares\ST\STM32_USB_Device_Library\Core\Src\usbd_core.o
                0x08003838                USBD_SetClassConfig
 .text.USBD_ClrClassConfig
                0x0800384c       0x10 Middlewares\ST\STM32_USB_Device_Library\Core\Src\usbd_core.o
                0x0800384c                USBD_ClrClassConfig
 .text.USBD_LL_SetupStage
                0x0800385c       0x60 Middlewares\ST\STM32_USB_Device_Library\Core\Src\usbd_core.o
                0x0800385c                USBD_LL_SetupStage
 .text.USBD_LL_DataOutStage
                0x080038bc       0x6c Middlewares\ST\STM32_USB_Device_Library\Core\Src\usbd_core.o
                0x080038bc                USBD_LL_DataOutStage
 .text.USBD_LL_DataInStage
                0x08003928       0xa4 Middlewares\ST\STM32_USB_Device_Library\Core\Src\usbd_core.o
                0x08003928                USBD_LL_DataInStage
 .text.USBD_LL_Reset
                0x080039cc       0x40 Middlewares\ST\STM32_USB_Device_Library\Core\Src\usbd_core.o
                0x080039cc                USBD_LL_Reset
 .text.USBD_LL_SetSpeed
                0x08003a0c        0x8 Middlewares\ST\STM32_USB_Device_Library\Core\Src\usbd_core.o
                0x08003a0c                USBD_LL_SetSpeed
 .text.USBD_LL_Suspend
                0x08003a14       0x14 Middlewares\ST\STM32_USB_Device_Library\Core\Src\usbd_core.o
                0x08003a14                USBD_LL_Suspend
 .text.USBD_LL_Resume
                0x08003a28       0x10 Middlewares\ST\STM32_USB_Device_Library\Core\Src\usbd_core.o
                0x08003a28                USBD_LL_Resume
 .text.USBD_LL_SOF
                0x08003a38       0x1c Middlewares\ST\STM32_USB_Device_Library\Core\Src\usbd_core.o
                0x08003a38                USBD_LL_SOF
 .text.USBD_StdDevReq
                0x08003a54      0x29c Middlewares\ST\STM32_USB_Device_Library\Core\Src\usbd_ctlreq.o
                0x08003a54                USBD_StdDevReq
 .text.USBD_StdItfReq
                0x08003cf0       0x3c Middlewares\ST\STM32_USB_Device_Library\Core\Src\usbd_ctlreq.o
                0x08003cf0                USBD_StdItfReq
 .text.USBD_StdEPReq
                0x08003d2c       0xd0 Middlewares\ST\STM32_USB_Device_Library\Core\Src\usbd_ctlreq.o
                0x08003d2c                USBD_StdEPReq
 .text.USBD_ParseSetupRequest
                0x08003dfc       0x28 Middlewares\ST\STM32_USB_Device_Library\Core\Src\usbd_ctlreq.o
                0x08003dfc                USBD_ParseSetupRequest
 .text.USBD_GetString
                0x08003e24       0x4c Middlewares\ST\STM32_USB_Device_Library\Core\Src\usbd_ctlreq.o
                0x08003e24                USBD_GetString
 .text.USBD_CtlSendData
                0x08003e70       0x1c Middlewares\ST\STM32_USB_Device_Library\Core\Src\usbd_ioreq.o
                0x08003e70                USBD_CtlSendData
 .text.USBD_CtlContinueSendData
                0x08003e8c       0x10 Middlewares\ST\STM32_USB_Device_Library\Core\Src\usbd_ioreq.o
                0x08003e8c                USBD_CtlContinueSendData
 .text.USBD_CtlPrepareRx
                0x08003e9c       0x20 Middlewares\ST\STM32_USB_Device_Library\Core\Src\usbd_ioreq.o
                0x08003e9c                USBD_CtlPrepareRx
 .text.USBD_CtlContinueRx
                0x08003ebc       0x10 Middlewares\ST\STM32_USB_Device_Library\Core\Src\usbd_ioreq.o
                0x08003ebc                USBD_CtlContinueRx
 .text.USBD_CtlSendStatus
                0x08003ecc       0x18 Middlewares\ST\STM32_USB_Device_Library\Core\Src\usbd_ioreq.o
                0x08003ecc                USBD_CtlSendStatus
 .text.USBD_CtlReceiveStatus
                0x08003ee4       0x18 Middlewares\ST\STM32_USB_Device_Library\Core\Src\usbd_ioreq.o
                0x08003ee4                USBD_CtlReceiveStatus
 .text._Error_Handler.constprop.1
                0x08003efc       0x18 Src\main.o
 .text.SystemClock_Config
                0x08003f14       0x88 Src\main.o
                0x08003f14                SystemClock_Config
 .text.StartDHT
                0x08003f9c       0x6c Src\main.o
                0x08003f9c                StartDHT
 .text.ReadDHT  0x08004008       0xac Src\main.o
                0x08004008                ReadDHT
 .text.PrintBig
                0x080040b4       0x38 Src\main.o
                0x080040b4                PrintBig
 .text.PrintToBig
                0x080040ec       0x78 Src\main.o
                0x080040ec                PrintToBig
 .text.PrintRHTmprBig
                0x08004164       0x84 Src\main.o
                0x08004164                PrintRHTmprBig
 .text.myputc   0x080041e8       0x34 Src\main.o
                0x080041e8                myputc
 .text.PrintVariable
                0x0800421c       0x4c Src\main.o
                0x0800421c                PrintVariable
 .text.Screen0  0x08004268       0x88 Src\main.o
                0x08004268                Screen0
 .text.Screen1  0x080042f0       0x94 Src\main.o
                0x080042f0                Screen1
 .text.Switch0_1
                0x08004384       0x24 Src\main.o
                0x08004384                Switch0_1
 .text.Switch1_2
                0x080043a8       0x24 Src\main.o
                0x080043a8                Switch1_2
 .text.Switch2_0
                0x080043cc       0x24 Src\main.o
                0x080043cc                Switch2_0
 .text.BME280_tmpr
                0x080043f0       0xdc Src\main.o
                0x080043f0                BME280_tmpr
 .text.BME280_h
                0x080044cc      0x180 Src\main.o
                0x080044cc                BME280_h
 .text.startup.main
                0x0800464c      0x3a8 Src\main.o
                0x0800464c                main
 .text._Error_Handler
                0x080049f4       0x18 Src\main.o
                0x080049f4                _Error_Handler
 .text.SendBitSet
                0x08004a0c       0x2c Src\nokia5110.o
                0x08004a0c                SendBitSet
 .text.SendBitClr
                0x08004a38       0x2c Src\nokia5110.o
                0x08004a38                SendBitClr
 .text.SendByte
                0x08004a64       0x40 Src\nokia5110.o
                0x08004a64                SendByte
 .text.SendData
                0x08004aa4       0x1c Src\nokia5110.o
                0x08004aa4                SendData
 .text.LCD_Init
                0x08004ac0       0x8c Src\nokia5110.o
                0x08004ac0                LCD_Init
 .text.XadressLCD
                0x08004b4c       0x28 Src\nokia5110.o
                0x08004b4c                XadressLCD
 .text.YadressLCD
                0x08004b74       0x28 Src\nokia5110.o
                0x08004b74                YadressLCD
 .text.SetXY    0x08004b9c       0x20 Src\nokia5110.o
                0x08004b9c                SetXY
 .text.LCD_RAM_Clr
                0x08004bbc       0x70 Src\nokia5110.o
                0x08004bbc                LCD_RAM_Clr
 .text.PrintFrame
                0x08004c2c      0x15c Src\nokia5110.o
                0x08004c2c                PrintFrame
 .text.HAL_MspInit
                0x08004d88       0xa0 Src\stm32f1xx_hal_msp.o
                0x08004d88                HAL_MspInit
 .text.HAL_I2C_MspInit
                0x08004e28       0x68 Src\stm32f1xx_hal_msp.o
                0x08004e28                HAL_I2C_MspInit
 .text.HAL_TIM_Base_MspInit
                0x08004e90       0x60 Src\stm32f1xx_hal_msp.o
                0x08004e90                HAL_TIM_Base_MspInit
 .text.NMI_Handler
                0x08004ef0        0x4 Src\stm32f1xx_it.o
                0x08004ef0                NMI_Handler
 .text.HardFault_Handler
                0x08004ef4        0x4 Src\stm32f1xx_it.o
                0x08004ef4                HardFault_Handler
 .text.MemManage_Handler
                0x08004ef8        0x4 Src\stm32f1xx_it.o
                0x08004ef8                MemManage_Handler
 .text.BusFault_Handler
                0x08004efc        0x4 Src\stm32f1xx_it.o
                0x08004efc                BusFault_Handler
 .text.UsageFault_Handler
                0x08004f00        0x4 Src\stm32f1xx_it.o
                0x08004f00                UsageFault_Handler
 .text.SVC_Handler
                0x08004f04        0x4 Src\stm32f1xx_it.o
                0x08004f04                SVC_Handler
 .text.DebugMon_Handler
                0x08004f08        0x4 Src\stm32f1xx_it.o
                0x08004f08                DebugMon_Handler
 .text.PendSV_Handler
                0x08004f0c        0x4 Src\stm32f1xx_it.o
                0x08004f0c                PendSV_Handler
 .text.SysTick_Handler
                0x08004f10       0x10 Src\stm32f1xx_it.o
                0x08004f10                SysTick_Handler
 .text.USB_LP_CAN1_RX0_IRQHandler
                0x08004f20        0xc Src\stm32f1xx_it.o
                0x08004f20                USB_LP_CAN1_RX0_IRQHandler
 .text.TIM3_IRQHandler
                0x08004f2c       0xd4 Src\stm32f1xx_it.o
                0x08004f2c                TIM3_IRQHandler
 .text.I2C1_EV_IRQHandler
                0x08005000        0xc Src\stm32f1xx_it.o
                0x08005000                I2C1_EV_IRQHandler
 .text.I2C1_ER_IRQHandler
                0x0800500c        0xc Src\stm32f1xx_it.o
                0x0800500c                I2C1_ER_IRQHandler
 .text.SystemInit
                0x08005018       0x50 Src\system_stm32f1xx.o
                0x08005018                SystemInit
 .text.MX_USB_DEVICE_Init
                0x08005068       0x38 Src\usb_device.o
                0x08005068                MX_USB_DEVICE_Init
 .text.CDC_DeInit_FS
                0x080050a0        0x4 Src\usbd_cdc_if.o
 .text.CDC_Control_FS
                0x080050a4        0x4 Src\usbd_cdc_if.o
 .text.CDC_Receive_FS
                0x080050a8       0x1c Src\usbd_cdc_if.o
 .text.CDC_Init_FS
                0x080050c4       0x28 Src\usbd_cdc_if.o
 .text.CDC_Transmit_FS
                0x080050ec       0x34 Src\usbd_cdc_if.o
                0x080050ec                CDC_Transmit_FS
 .text.HAL_PCD_MspInit
                0x08005120       0x3c Src\usbd_conf.o
                0x08005120                HAL_PCD_MspInit
 .text.HAL_PCD_SetupStageCallback
                0x0800515c        0xc Src\usbd_conf.o
                0x0800515c                HAL_PCD_SetupStageCallback
 .text.HAL_PCD_DataOutStageCallback
                0x08005168       0x10 Src\usbd_conf.o
                0x08005168                HAL_PCD_DataOutStageCallback
 .text.HAL_PCD_DataInStageCallback
                0x08005178       0x10 Src\usbd_conf.o
                0x08005178                HAL_PCD_DataInStageCallback
 .text.HAL_PCD_SOFCallback
                0x08005188        0x8 Src\usbd_conf.o
                0x08005188                HAL_PCD_SOFCallback
 .text.HAL_PCD_ResetCallback
                0x08005190       0x1c Src\usbd_conf.o
                0x08005190                HAL_PCD_ResetCallback
 .text.HAL_PCD_SuspendCallback
                0x080051ac       0x20 Src\usbd_conf.o
                0x080051ac                HAL_PCD_SuspendCallback
 .text.HAL_PCD_ResumeCallback
                0x080051cc        0x8 Src\usbd_conf.o
                0x080051cc                HAL_PCD_ResumeCallback
 .text.USBD_LL_Init
                0x080051d4       0x94 Src\usbd_conf.o
                0x080051d4                USBD_LL_Init
 .text.USBD_LL_Start
                0x08005268       0x1c Src\usbd_conf.o
                0x08005268                USBD_LL_Start
 .text.USBD_LL_OpenEP
                0x08005284       0x20 Src\usbd_conf.o
                0x08005284                USBD_LL_OpenEP
 .text.USBD_LL_CloseEP
                0x080052a4       0x1c Src\usbd_conf.o
                0x080052a4                USBD_LL_CloseEP
 .text.USBD_LL_StallEP
                0x080052c0       0x1c Src\usbd_conf.o
                0x080052c0                USBD_LL_StallEP
 .text.USBD_LL_ClearStallEP
                0x080052dc       0x1c Src\usbd_conf.o
                0x080052dc                USBD_LL_ClearStallEP
 .text.USBD_LL_IsStallEP
                0x080052f8       0x20 Src\usbd_conf.o
                0x080052f8                USBD_LL_IsStallEP
 .text.USBD_LL_SetUSBAddress
                0x08005318       0x1c Src\usbd_conf.o
                0x08005318                USBD_LL_SetUSBAddress
 .text.USBD_LL_Transmit
                0x08005334       0x1c Src\usbd_conf.o
                0x08005334                USBD_LL_Transmit
 .text.USBD_LL_PrepareReceive
                0x08005350       0x1c Src\usbd_conf.o
                0x08005350                USBD_LL_PrepareReceive
 .text.USBD_LL_GetRxDataSize
                0x0800536c        0xc Src\usbd_conf.o
                0x0800536c                USBD_LL_GetRxDataSize
 .text.USBD_static_malloc
                0x08005378        0x8 Src\usbd_conf.o
                0x08005378                USBD_static_malloc
 .text.USBD_static_free
                0x08005380        0x4 Src\usbd_conf.o
                0x08005380                USBD_static_free
 .text.HAL_PCDEx_SetConnectionState
                0x08005384        0x4 Src\usbd_conf.o
                0x08005384                HAL_PCDEx_SetConnectionState
 .text.USBD_FS_DeviceDescriptor
                0x08005388        0xc Src\usbd_desc.o
                0x08005388                USBD_FS_DeviceDescriptor
 .text.USBD_FS_LangIDStrDescriptor
                0x08005394        0xc Src\usbd_desc.o
                0x08005394                USBD_FS_LangIDStrDescriptor
 .text.USBD_FS_ManufacturerStrDescriptor
                0x080053a0       0x1c Src\usbd_desc.o
                0x080053a0                USBD_FS_ManufacturerStrDescriptor
 .text.USBD_FS_ProductStrDescriptor
                0x080053bc       0x1c Src\usbd_desc.o
                0x080053bc                USBD_FS_ProductStrDescriptor
 .text.USBD_FS_SerialStrDescriptor
                0x080053d8       0x1c Src\usbd_desc.o
                0x080053d8                USBD_FS_SerialStrDescriptor
 .text.USBD_FS_ConfigStrDescriptor
                0x080053f4       0x1c Src\usbd_desc.o
                0x080053f4                USBD_FS_ConfigStrDescriptor
 .text.USBD_FS_InterfaceStrDescriptor
                0x08005410       0x1c Src\usbd_desc.o
                0x08005410                USBD_FS_InterfaceStrDescriptor
 .text.Reset_Handler
                0x0800542c       0x48 startup\startup_stm32f103xb.o
                0x0800542c                Reset_Handler
 .text.Default_Handler
                0x08005474        0x2 startup\startup_stm32f103xb.o
                0x08005474                RTC_Alarm_IRQHandler
                0x08005474                EXTI2_IRQHandler
                0x08005474                TIM1_CC_IRQHandler
                0x08005474                PVD_IRQHandler
                0x08005474                EXTI3_IRQHandler
                0x08005474                EXTI0_IRQHandler
                0x08005474                I2C2_EV_IRQHandler
                0x08005474                ADC1_2_IRQHandler
                0x08005474                SPI1_IRQHandler
                0x08005474                TAMPER_IRQHandler
                0x08005474                DMA1_Channel4_IRQHandler
                0x08005474                USART3_IRQHandler
                0x08005474                RTC_IRQHandler
                0x08005474                DMA1_Channel7_IRQHandler
                0x08005474                CAN1_RX1_IRQHandler
                0x08005474                TIM4_IRQHandler
                0x08005474                DMA1_Channel6_IRQHandler
                0x08005474                RCC_IRQHandler
                0x08005474                TIM1_TRG_COM_IRQHandler
                0x08005474                DMA1_Channel1_IRQHandler
                0x08005474                Default_Handler
                0x08005474                EXTI15_10_IRQHandler
                0x08005474                EXTI9_5_IRQHandler
                0x08005474                SPI2_IRQHandler
                0x08005474                DMA1_Channel5_IRQHandler
                0x08005474                EXTI4_IRQHandler
                0x08005474                USB_HP_CAN1_TX_IRQHandler
                0x08005474                DMA1_Channel3_IRQHandler
                0x08005474                TIM1_UP_IRQHandler
                0x08005474                WWDG_IRQHandler
                0x08005474                TIM2_IRQHandler
                0x08005474                TIM1_BRK_IRQHandler
                0x08005474                EXTI1_IRQHandler
                0x08005474                USART2_IRQHandler
                0x08005474                I2C2_ER_IRQHandler
                0x08005474                DMA1_Channel2_IRQHandler
                0x08005474                CAN1_SCE_IRQHandler
                0x08005474                FLASH_IRQHandler
                0x08005474                USART1_IRQHandler
                0x08005474                USBWakeUp_IRQHandler
 *fill*         0x08005476        0x2 
 .text.__libc_init_array
                0x08005478       0x48 c:/program files (x86)/atollic/truestudio for stm32 9.1.0/armtools/bin/../lib/gcc/arm-atollic-eabi/6.3.1/../../../../arm-atollic-eabi/lib/armv7-m\libc_nano.a(lib_a-init.o)
                0x08005478                __libc_init_array
 .text.sprintf  0x080054c0       0x48 c:/program files (x86)/atollic/truestudio for stm32 9.1.0/armtools/bin/../lib/gcc/arm-atollic-eabi/6.3.1/../../../../arm-atollic-eabi/lib/armv7-m\libc_nano.a(lib_a-sprintf.o)
                0x080054c0                siprintf
                0x080054c0                sprintf
 .text.__ssputs_r
                0x08005508       0xb6 c:/program files (x86)/atollic/truestudio for stm32 9.1.0/armtools/bin/../lib/gcc/arm-atollic-eabi/6.3.1/../../../../arm-atollic-eabi/lib/armv7-m\libc_nano.a(lib_a-nano-svfprintf.o)
                0x08005508                __ssputs_r
 *fill*         0x080055be        0x2 
 .text._svfprintf_r
                0x080055c0      0x1e8 c:/program files (x86)/atollic/truestudio for stm32 9.1.0/armtools/bin/../lib/gcc/arm-atollic-eabi/6.3.1/../../../../arm-atollic-eabi/lib/armv7-m\libc_nano.a(lib_a-nano-svfprintf.o)
                0x080055c0                _svfiprintf_r
                0x080055c0                _svfprintf_r
 .text._printf_common
                0x080057a8       0xee c:/program files (x86)/atollic/truestudio for stm32 9.1.0/armtools/bin/../lib/gcc/arm-atollic-eabi/6.3.1/../../../../arm-atollic-eabi/lib/armv7-m\libc_nano.a(lib_a-nano-vfprintf_i.o)
                0x080057a8                _printf_common
 *fill*         0x08005896        0x2 
 .text._printf_i
                0x08005898      0x240 c:/program files (x86)/atollic/truestudio for stm32 9.1.0/armtools/bin/../lib/gcc/arm-atollic-eabi/6.3.1/../../../../arm-atollic-eabi/lib/armv7-m\libc_nano.a(lib_a-nano-vfprintf_i.o)
                0x08005898                _printf_i
 .text.memchr   0x08005ad8       0x1c c:/program files (x86)/atollic/truestudio for stm32 9.1.0/armtools/bin/../lib/gcc/arm-atollic-eabi/6.3.1/../../../../arm-atollic-eabi/lib/armv7-m\libc_nano.a(lib_a-memchr-stub.o)
                0x08005ad8                memchr
 .text.memcpy   0x08005af4       0x16 c:/program files (x86)/atollic/truestudio for stm32 9.1.0/armtools/bin/../lib/gcc/arm-atollic-eabi/6.3.1/../../../../arm-atollic-eabi/lib/armv7-m\libc_nano.a(lib_a-memcpy-stub.o)
                0x08005af4                memcpy
 .text.memmove  0x08005b0a       0x34 c:/program files (x86)/atollic/truestudio for stm32 9.1.0/armtools/bin/../lib/gcc/arm-atollic-eabi/6.3.1/../../../../arm-atollic-eabi/lib/armv7-m\libc_nano.a(lib_a-memmove.o)
                0x08005b0a                memmove
 *fill*         0x08005b3e        0x2 
 .text._free_r  0x08005b40       0x98 c:/program files (x86)/atollic/truestudio for stm32 9.1.0/armtools/bin/../lib/gcc/arm-atollic-eabi/6.3.1/../../../../arm-atollic-eabi/lib/armv7-m\libc_nano.a(lib_a-nano-freer.o)
                0x08005b40                _free_r
 .text._malloc_r
                0x08005bd8       0xbc c:/program files (x86)/atollic/truestudio for stm32 9.1.0/armtools/bin/../lib/gcc/arm-atollic-eabi/6.3.1/../../../../arm-atollic-eabi/lib/armv7-m\libc_nano.a(lib_a-nano-mallocr.o)
                0x08005bd8                _malloc_r
 .text._realloc_r
                0x08005c94       0x4c c:/program files (x86)/atollic/truestudio for stm32 9.1.0/armtools/bin/../lib/gcc/arm-atollic-eabi/6.3.1/../../../../arm-atollic-eabi/lib/armv7-m\libc_nano.a(lib_a-nano-reallocr.o)
                0x08005c94                _realloc_r
 .text._sbrk_r  0x08005ce0       0x20 c:/program files (x86)/atollic/truestudio for stm32 9.1.0/armtools/bin/../lib/gcc/arm-atollic-eabi/6.3.1/../../../../arm-atollic-eabi/lib/armv7-m\libc_nano.a(lib_a-sbrkr.o)
                0x08005ce0                _sbrk_r
 .text.__malloc_lock
                0x08005d00        0x2 c:/program files (x86)/atollic/truestudio for stm32 9.1.0/armtools/bin/../lib/gcc/arm-atollic-eabi/6.3.1/../../../../arm-atollic-eabi/lib/armv7-m\libc_nano.a(lib_a-mlock.o)
                0x08005d00                __malloc_lock
 .text.__malloc_unlock
                0x08005d02        0x2 c:/program files (x86)/atollic/truestudio for stm32 9.1.0/armtools/bin/../lib/gcc/arm-atollic-eabi/6.3.1/../../../../arm-atollic-eabi/lib/armv7-m\libc_nano.a(lib_a-mlock.o)
                0x08005d02                __malloc_unlock
 .text._malloc_usable_size_r
                0x08005d04       0x12 c:/program files (x86)/atollic/truestudio for stm32 9.1.0/armtools/bin/../lib/gcc/arm-atollic-eabi/6.3.1/../../../../arm-atollic-eabi/lib/armv7-m\libc_nano.a(lib_a-nano-msizer.o)
                0x08005d04                _malloc_usable_size_r
 *fill*         0x08005d16        0x2 
 .text._sbrk    0x08005d18       0x1c c:/program files (x86)/atollic/truestudio for stm32 9.1.0/armtools/bin/../lib/gcc/arm-atollic-eabi/6.3.1/../../../../arm-atollic-eabi/lib/armv7-m\libnosys.a(sbrk.o)
                0x08005d18                _sbrk
 *(.glue_7)
 .glue_7        0x08005d34        0x0 linker stubs
 *(.glue_7t)
 .glue_7t       0x08005d34        0x0 linker stubs
 *(.eh_frame)
 .eh_frame      0x08005d34        0x0 c:/program files (x86)/atollic/truestudio for stm32 9.1.0/armtools/bin/../lib/gcc/arm-atollic-eabi/6.3.1/armv7-m/crtbegin.o
 *(.init)
 .init          0x08005d34        0x4 c:/program files (x86)/atollic/truestudio for stm32 9.1.0/armtools/bin/../lib/gcc/arm-atollic-eabi/6.3.1/armv7-m/crti.o
                0x08005d34                _init
 .init          0x08005d38        0x8 c:/program files (x86)/atollic/truestudio for stm32 9.1.0/armtools/bin/../lib/gcc/arm-atollic-eabi/6.3.1/armv7-m/crtn.o
 *(.fini)
 .fini          0x08005d40        0x4 c:/program files (x86)/atollic/truestudio for stm32 9.1.0/armtools/bin/../lib/gcc/arm-atollic-eabi/6.3.1/armv7-m/crti.o
                0x08005d40                _fini
 .fini          0x08005d44        0x8 c:/program files (x86)/atollic/truestudio for stm32 9.1.0/armtools/bin/../lib/gcc/arm-atollic-eabi/6.3.1/armv7-m/crtn.o
                0x08005d4c                . = ALIGN (0x4)
                0x08005d4c                _etext = .

.vfp11_veneer   0x08005d4c        0x0
 .vfp11_veneer  0x08005d4c        0x0 linker stubs

.v4_bx          0x08005d4c        0x0
 .v4_bx         0x08005d4c        0x0 linker stubs

.iplt           0x08005d4c        0x0
 .iplt          0x08005d4c        0x0 c:/program files (x86)/atollic/truestudio for stm32 9.1.0/armtools/bin/../lib/gcc/arm-atollic-eabi/6.3.1/armv7-m/crtbegin.o

.rodata         0x08005d4c      0x75c
                0x08005d4c                . = ALIGN (0x4)
 *(.rodata)
 .rodata        0x08005d4c       0x10 Drivers\STM32F1xx_HAL_Driver\Src\stm32f1xx_hal_rcc.o
 *(.rodata*)
 .rodata.BME280_h.str1.4
                0x08005d5c       0x4e Src\main.o
 *fill*         0x08005daa        0x2 
 .rodata.BME280_tmpr.str1.4
                0x08005dac       0x27 Src\main.o
 *fill*         0x08005dd3        0x1 
 .rodata.FontTable
                0x08005dd4      0x500 Src\main.o
                0x08005dd4                FontTable
 .rodata.Screen1.str1.4
                0x080062d4       0x3a Src\main.o
 *fill*         0x0800630e        0x2 
 .rodata.main.str1.4
                0x08006310       0xd9 Src\main.o
 *fill*         0x080063e9        0x3 
 .rodata.AHBPrescTable
                0x080063ec       0x10 Src\system_stm32f1xx.o
                0x080063ec                AHBPrescTable
 .rodata.APBPrescTable
                0x080063fc        0x8 Src\system_stm32f1xx.o
                0x080063fc                APBPrescTable
 .rodata.CSWTCH.39
                0x08006404        0x4 Src\usbd_conf.o
 .rodata.USBD_LL_Init.str1.4
                0x08006408       0x13 Src\usbd_conf.o
 *fill*         0x0800641b        0x1 
 .rodata.USBD_FS_ConfigStrDescriptor.str1.4
                0x0800641c        0xb Src\usbd_desc.o
 *fill*         0x08006427        0x1 
 .rodata.USBD_FS_InterfaceStrDescriptor.str1.4
                0x08006428        0xe Src\usbd_desc.o
 *fill*         0x08006436        0x2 
 .rodata.USBD_FS_ManufacturerStrDescriptor.str1.4
                0x08006438       0x13 Src\usbd_desc.o
 *fill*         0x0800644b        0x1 
 .rodata.USBD_FS_ProductStrDescriptor.str1.4
                0x0800644c       0x16 Src\usbd_desc.o
 *fill*         0x08006462        0x2 
 .rodata.USBD_FS_SerialStrDescriptor.str1.4
                0x08006464       0x10 Src\usbd_desc.o
                                  0xd (size before relaxing)
 .rodata._svfprintf_r.str1.1
                0x08006474       0x11 c:/program files (x86)/atollic/truestudio for stm32 9.1.0/armtools/bin/../lib/gcc/arm-atollic-eabi/6.3.1/../../../../arm-atollic-eabi/lib/armv7-m\libc_nano.a(lib_a-nano-svfprintf.o)
 .rodata._printf_i.str1.1
                0x08006485       0x22 c:/program files (x86)/atollic/truestudio for stm32 9.1.0/armtools/bin/../lib/gcc/arm-atollic-eabi/6.3.1/../../../../arm-atollic-eabi/lib/armv7-m\libc_nano.a(lib_a-nano-vfprintf_i.o)
                0x080064a8                . = ALIGN (0x4)
 *fill*         0x080064a7        0x1 

.rel.dyn        0x080064a8        0x0
 .rel.iplt      0x080064a8        0x0 c:/program files (x86)/atollic/truestudio for stm32 9.1.0/armtools/bin/../lib/gcc/arm-atollic-eabi/6.3.1/armv7-m/crtbegin.o

.ARM.extab
 *(.ARM.extab* .gnu.linkonce.armextab.*)

.ARM            0x080064a8        0x0
                0x080064a8                __exidx_start = .
 *(.ARM.exidx*)
                0x080064a8                __exidx_end = .

.preinit_array  0x080064a8        0x0
                0x080064a8                PROVIDE (__preinit_array_start, .)
 *(.preinit_array*)
                0x080064a8                PROVIDE (__preinit_array_end, .)

.init_array     0x080064a8        0x4
                0x080064a8                PROVIDE (__init_array_start, .)
 *(SORT(.init_array.*))
 *(.init_array*)
 .init_array    0x080064a8        0x4 c:/program files (x86)/atollic/truestudio for stm32 9.1.0/armtools/bin/../lib/gcc/arm-atollic-eabi/6.3.1/armv7-m/crtbegin.o
                0x080064ac                PROVIDE (__init_array_end, .)

.fini_array     0x080064ac        0x4
                [!provide]                PROVIDE (__fini_array_start, .)
 *(SORT(.fini_array.*))
 *(.fini_array*)
 .fini_array    0x080064ac        0x4 c:/program files (x86)/atollic/truestudio for stm32 9.1.0/armtools/bin/../lib/gcc/arm-atollic-eabi/6.3.1/armv7-m/crtbegin.o
                [!provide]                PROVIDE (__fini_array_end, .)
                0x080064b0                _sidata = LOADADDR (.data)

.data           0x20000000      0x37c load address 0x080064b0
                0x20000000                . = ALIGN (0x4)
                0x20000000                _sdata = .
 *(.data)
 *(.data*)
 .data.uwTickFreq
                0x20000000        0x1 Drivers\STM32F1xx_HAL_Driver\Src\stm32f1xx_hal.o
                0x20000000                uwTickFreq
 *fill*         0x20000001        0x3 
 .data.uwTickPrio
                0x20000004        0x4 Drivers\STM32F1xx_HAL_Driver\Src\stm32f1xx_hal.o
                0x20000004                uwTickPrio
 .data.USBD_CDC
                0x20000008       0x38 Middlewares\ST\STM32_USB_Device_Library\Class\CDC\Src\usbd_cdc.o
                0x20000008                USBD_CDC
 .data.USBD_CDC_CfgFSDesc
                0x20000040       0x43 Middlewares\ST\STM32_USB_Device_Library\Class\CDC\Src\usbd_cdc.o
                0x20000040                USBD_CDC_CfgFSDesc
 *fill*         0x20000083        0x1 
 .data.USBD_CDC_CfgHSDesc
                0x20000084       0x43 Middlewares\ST\STM32_USB_Device_Library\Class\CDC\Src\usbd_cdc.o
                0x20000084                USBD_CDC_CfgHSDesc
 *fill*         0x200000c7        0x1 
 .data.USBD_CDC_DeviceQualifierDesc
                0x200000c8        0xa Middlewares\ST\STM32_USB_Device_Library\Class\CDC\Src\usbd_cdc.o
 *fill*         0x200000d2        0x2 
 .data.USBD_CDC_OtherSpeedCfgDesc
                0x200000d4       0x43 Middlewares\ST\STM32_USB_Device_Library\Class\CDC\Src\usbd_cdc.o
                0x200000d4                USBD_CDC_OtherSpeedCfgDesc
 *fill*         0x20000117        0x1 
 .data.num0     0x20000118       0x2a Src\main.o
                0x20000118                num0
 *fill*         0x20000142        0x2 
 .data.num1     0x20000144       0x2a Src\main.o
                0x20000144                num1
 *fill*         0x2000016e        0x2 
 .data.num2     0x20000170       0x2a Src\main.o
                0x20000170                num2
 *fill*         0x2000019a        0x2 
 .data.num3     0x2000019c       0x2a Src\main.o
                0x2000019c                num3
 *fill*         0x200001c6        0x2 
 .data.num4     0x200001c8       0x2a Src\main.o
                0x200001c8                num4
 *fill*         0x200001f2        0x2 
 .data.num5     0x200001f4       0x2a Src\main.o
                0x200001f4                num5
 *fill*         0x2000021e        0x2 
 .data.num6     0x20000220       0x2a Src\main.o
                0x20000220                num6
 *fill*         0x2000024a        0x2 
 .data.num7     0x2000024c       0x2a Src\main.o
                0x2000024c                num7
 *fill*         0x20000276        0x2 
 .data.num8     0x20000278       0x2a Src\main.o
                0x20000278                num8
 *fill*         0x200002a2        0x2 
 .data.num9     0x200002a4       0x2a Src\main.o
                0x200002a4                num9
 *fill*         0x200002ce        0x2 
 .data.SystemCoreClock
                0x200002d0        0x4 Src\system_stm32f1xx.o
                0x200002d0                SystemCoreClock
 .data.USBD_Interface_fops_FS
                0x200002d4       0x10 Src\usbd_cdc_if.o
                0x200002d4                USBD_Interface_fops_FS
 .data.FS_Desc  0x200002e4       0x1c Src\usbd_desc.o
                0x200002e4                FS_Desc
 .data.USBD_FS_DeviceDesc
                0x20000300       0x12 Src\usbd_desc.o
                0x20000300                USBD_FS_DeviceDesc
 *fill*         0x20000312        0x2 
 .data.USBD_LangIDDesc
                0x20000314        0x4 Src\usbd_desc.o
                0x20000314                USBD_LangIDDesc
 .data._impure_ptr
                0x20000318        0x4 c:/program files (x86)/atollic/truestudio for stm32 9.1.0/armtools/bin/../lib/gcc/arm-atollic-eabi/6.3.1/../../../../arm-atollic-eabi/lib/armv7-m\libc_nano.a(lib_a-impure.o)
                0x20000318                _impure_ptr
 .data.impure_data
                0x2000031c       0x60 c:/program files (x86)/atollic/truestudio for stm32 9.1.0/armtools/bin/../lib/gcc/arm-atollic-eabi/6.3.1/../../../../arm-atollic-eabi/lib/armv7-m\libc_nano.a(lib_a-impure.o)
                0x2000037c                . = ALIGN (0x4)
                0x2000037c                _edata = .

.igot.plt       0x2000037c        0x0 load address 0x0800682c
 .igot.plt      0x2000037c        0x0 c:/program files (x86)/atollic/truestudio for stm32 9.1.0/armtools/bin/../lib/gcc/arm-atollic-eabi/6.3.1/armv7-m/crtbegin.o
                0x2000037c                . = ALIGN (0x4)

.bss            0x2000037c     0x1c4c load address 0x0800682c
                0x2000037c                _sbss = .
                0x2000037c                __bss_start__ = _sbss
 *(.bss)
 .bss           0x2000037c       0x1c c:/program files (x86)/atollic/truestudio for stm32 9.1.0/armtools/bin/../lib/gcc/arm-atollic-eabi/6.3.1/armv7-m/crtbegin.o
 *(.bss*)
 .bss.ifalt.8183
                0x20000398        0x1 Middlewares\ST\STM32_USB_Device_Library\Class\CDC\Src\usbd_cdc.o
 .bss.cfgidx.8188
                0x20000399        0x1 Middlewares\ST\STM32_USB_Device_Library\Core\Src\usbd_ctlreq.o
 *fill*         0x2000039a        0x2 
 .bss.mem.8342  0x2000039c      0x220 Src\usbd_conf.o
 .bss.__malloc_free_list
                0x200005bc        0x4 c:/program files (x86)/atollic/truestudio for stm32 9.1.0/armtools/bin/../lib/gcc/arm-atollic-eabi/6.3.1/../../../../arm-atollic-eabi/lib/armv7-m\libc_nano.a(lib_a-nano-mallocr.o)
                0x200005bc                __malloc_free_list
 .bss.__malloc_sbrk_start
                0x200005c0        0x4 c:/program files (x86)/atollic/truestudio for stm32 9.1.0/armtools/bin/../lib/gcc/arm-atollic-eabi/6.3.1/../../../../arm-atollic-eabi/lib/armv7-m\libc_nano.a(lib_a-nano-mallocr.o)
                0x200005c0                __malloc_sbrk_start
 .bss.heap_end.4116
                0x200005c4        0x4 c:/program files (x86)/atollic/truestudio for stm32 9.1.0/armtools/bin/../lib/gcc/arm-atollic-eabi/6.3.1/../../../../arm-atollic-eabi/lib/armv7-m\libnosys.a(sbrk.o)
 *(COMMON)
 COMMON         0x200005c8        0x4 Drivers\STM32F1xx_HAL_Driver\Src\stm32f1xx_hal.o
                0x200005c8                uwTick
 COMMON         0x200005cc      0x172 Src\main.o
                0x200005cc                dataDHT
                0x200005d1                screen_state
                0x200005d2                but1
                0x200005d4                hi2c1
                0x20000628                but2
                0x2000062c                adc_HTx
                0x20000630                htim3
                0x20000670                rh
                0x20000672                x_adr
                0x20000674                dataBME
                0x20000688                menu_state
                0x2000068c                bufTx
                0x200006f0                y_adr
                0x200006f2                tmpr
                0x200006f4                htim2
                0x20000734                adc_TTx
                0x20000738                t_fine
                0x2000073c                timeouts
 *fill*         0x2000073e        0x2 
 COMMON         0x20000740      0x224 Src\usb_device.o
                0x20000740                hUsbDeviceFS
 COMMON         0x20000964     0x1000 Src\usbd_cdc_if.o
                0x20000964                UserRxBufferFS
                0x20001164                UserTxBufferFS
 COMMON         0x20001964      0x460 Src\usbd_conf.o
                0x20001964                hpcd_USB_FS
 COMMON         0x20001dc4      0x200 Src\usbd_desc.o
                0x20001dc4                USBD_StrDesc
 COMMON         0x20001fc4        0x4 c:/program files (x86)/atollic/truestudio for stm32 9.1.0/armtools/bin/../lib/gcc/arm-atollic-eabi/6.3.1/../../../../arm-atollic-eabi/lib/armv7-m\libc_nano.a(lib_a-reent.o)
                0x20001fc4                errno
                0x20001fc8                . = ALIGN (0x4)
                0x20001fc8                _ebss = .
                0x20001fc8                __bss_end__ = _ebss

._user_heap_stack
                0x20001fc8      0x600 load address 0x0800682c
                0x20001fc8                . = ALIGN (0x4)
                0x20001fc8                PROVIDE (end, .)
                [!provide]                PROVIDE (_end, .)
                0x200021c8                . = (. + _Min_Heap_Size)
 *fill*         0x20001fc8      0x200 
                0x200025c8                . = (. + _Min_Stack_Size)
 *fill*         0x200021c8      0x400 
                0x200025c8                . = ALIGN (0x4)

/DISCARD/
 libc.a(*)
 libm.a(*)
 libgcc.a(*)

.ARM.attributes
                0x00000000       0x29
 *(.ARM.attributes)
 .ARM.attributes
                0x00000000       0x1d c:/program files (x86)/atollic/truestudio for stm32 9.1.0/armtools/bin/../lib/gcc/arm-atollic-eabi/6.3.1/armv7-m/crti.o
 .ARM.attributes
                0x0000001d       0x2d c:/program files (x86)/atollic/truestudio for stm32 9.1.0/armtools/bin/../lib/gcc/arm-atollic-eabi/6.3.1/armv7-m/crtbegin.o
 .ARM.attributes
                0x0000004a       0x33 Drivers\STM32F1xx_HAL_Driver\Src\stm32f1xx_hal.o
 .ARM.attributes
                0x0000007d       0x33 Drivers\STM32F1xx_HAL_Driver\Src\stm32f1xx_hal_cortex.o
 .ARM.attributes
                0x000000b0       0x33 Drivers\STM32F1xx_HAL_Driver\Src\stm32f1xx_hal_dma.o
 .ARM.attributes
                0x000000e3       0x33 Drivers\STM32F1xx_HAL_Driver\Src\stm32f1xx_hal_gpio.o
 .ARM.attributes
                0x00000116       0x33 Drivers\STM32F1xx_HAL_Driver\Src\stm32f1xx_hal_i2c.o
 .ARM.attributes
                0x00000149       0x33 Drivers\STM32F1xx_HAL_Driver\Src\stm32f1xx_hal_pcd.o
 .ARM.attributes
                0x0000017c       0x33 Drivers\STM32F1xx_HAL_Driver\Src\stm32f1xx_hal_pcd_ex.o
 .ARM.attributes
                0x000001af       0x33 Drivers\STM32F1xx_HAL_Driver\Src\stm32f1xx_hal_rcc.o
 .ARM.attributes
                0x000001e2       0x33 Drivers\STM32F1xx_HAL_Driver\Src\stm32f1xx_hal_rcc_ex.o
 .ARM.attributes
                0x00000215       0x33 Drivers\STM32F1xx_HAL_Driver\Src\stm32f1xx_hal_tim.o
 .ARM.attributes
                0x00000248       0x33 Drivers\STM32F1xx_HAL_Driver\Src\stm32f1xx_hal_tim_ex.o
 .ARM.attributes
                0x0000027b       0x33 Drivers\STM32F1xx_HAL_Driver\Src\stm32f1xx_ll_usb.o
 .ARM.attributes
                0x000002ae       0x33 Middlewares\ST\STM32_USB_Device_Library\Class\CDC\Src\usbd_cdc.o
 .ARM.attributes
                0x000002e1       0x33 Middlewares\ST\STM32_USB_Device_Library\Core\Src\usbd_core.o
 .ARM.attributes
                0x00000314       0x33 Middlewares\ST\STM32_USB_Device_Library\Core\Src\usbd_ctlreq.o
 .ARM.attributes
                0x00000347       0x33 Middlewares\ST\STM32_USB_Device_Library\Core\Src\usbd_ioreq.o
 .ARM.attributes
                0x0000037a       0x33 Src\main.o
 .ARM.attributes
                0x000003ad       0x33 Src\nokia5110.o
 .ARM.attributes
                0x000003e0       0x33 Src\stm32f1xx_hal_msp.o
 .ARM.attributes
                0x00000413       0x33 Src\stm32f1xx_it.o
 .ARM.attributes
                0x00000446       0x33 Src\system_stm32f1xx.o
 .ARM.attributes
                0x00000479       0x33 Src\usb_device.o
 .ARM.attributes
                0x000004ac       0x33 Src\usbd_cdc_if.o
 .ARM.attributes
                0x000004df       0x33 Src\usbd_conf.o
 .ARM.attributes
                0x00000512       0x33 Src\usbd_desc.o
 .ARM.attributes
                0x00000545       0x21 startup\startup_stm32f103xb.o
 .ARM.attributes
                0x00000566       0x2d c:/program files (x86)/atollic/truestudio for stm32 9.1.0/armtools/bin/../lib/gcc/arm-atollic-eabi/6.3.1/../../../../arm-atollic-eabi/lib/armv7-m\libc_nano.a(lib_a-init.o)
 .ARM.attributes
                0x00000593       0x2d c:/program files (x86)/atollic/truestudio for stm32 9.1.0/armtools/bin/../lib/gcc/arm-atollic-eabi/6.3.1/../../../../arm-atollic-eabi/lib/armv7-m\libc_nano.a(lib_a-sprintf.o)
 .ARM.attributes
                0x000005c0       0x17 c:/program files (x86)/atollic/truestudio for stm32 9.1.0/armtools/bin/../lib/gcc/arm-atollic-eabi/6.3.1/../../../../arm-atollic-eabi/lib/armv7-m\libc_nano.a(lib_a-strlen.o)
 .ARM.attributes
                0x000005d7       0x2d c:/program files (x86)/atollic/truestudio for stm32 9.1.0/armtools/bin/../lib/gcc/arm-atollic-eabi/6.3.1/../../../../arm-atollic-eabi/lib/armv7-m\libc_nano.a(lib_a-impure.o)
 .ARM.attributes
                0x00000604       0x2d c:/program files (x86)/atollic/truestudio for stm32 9.1.0/armtools/bin/../lib/gcc/arm-atollic-eabi/6.3.1/../../../../arm-atollic-eabi/lib/armv7-m\libc_nano.a(lib_a-nano-svfprintf.o)
 .ARM.attributes
                0x00000631       0x2d c:/program files (x86)/atollic/truestudio for stm32 9.1.0/armtools/bin/../lib/gcc/arm-atollic-eabi/6.3.1/../../../../arm-atollic-eabi/lib/armv7-m\libc_nano.a(lib_a-nano-vfprintf_i.o)
 .ARM.attributes
                0x0000065e       0x2d c:/program files (x86)/atollic/truestudio for stm32 9.1.0/armtools/bin/../lib/gcc/arm-atollic-eabi/6.3.1/../../../../arm-atollic-eabi/lib/armv7-m\libc_nano.a(lib_a-memchr-stub.o)
 .ARM.attributes
                0x0000068b       0x2d c:/program files (x86)/atollic/truestudio for stm32 9.1.0/armtools/bin/../lib/gcc/arm-atollic-eabi/6.3.1/../../../../arm-atollic-eabi/lib/armv7-m\libc_nano.a(lib_a-memcpy-stub.o)
 .ARM.attributes
                0x000006b8       0x2d c:/program files (x86)/atollic/truestudio for stm32 9.1.0/armtools/bin/../lib/gcc/arm-atollic-eabi/6.3.1/../../../../arm-atollic-eabi/lib/armv7-m\libc_nano.a(lib_a-memmove.o)
 .ARM.attributes
                0x000006e5       0x2d c:/program files (x86)/atollic/truestudio for stm32 9.1.0/armtools/bin/../lib/gcc/arm-atollic-eabi/6.3.1/../../../../arm-atollic-eabi/lib/armv7-m\libc_nano.a(lib_a-nano-freer.o)
 .ARM.attributes
                0x00000712       0x2d c:/program files (x86)/atollic/truestudio for stm32 9.1.0/armtools/bin/../lib/gcc/arm-atollic-eabi/6.3.1/../../../../arm-atollic-eabi/lib/armv7-m\libc_nano.a(lib_a-nano-mallocr.o)
 .ARM.attributes
                0x0000073f       0x2d c:/program files (x86)/atollic/truestudio for stm32 9.1.0/armtools/bin/../lib/gcc/arm-atollic-eabi/6.3.1/../../../../arm-atollic-eabi/lib/armv7-m\libc_nano.a(lib_a-nano-reallocr.o)
 .ARM.attributes
                0x0000076c       0x2d c:/program files (x86)/atollic/truestudio for stm32 9.1.0/armtools/bin/../lib/gcc/arm-atollic-eabi/6.3.1/../../../../arm-atollic-eabi/lib/armv7-m\libc_nano.a(lib_a-sbrkr.o)
 .ARM.attributes
                0x00000799       0x2d c:/program files (x86)/atollic/truestudio for stm32 9.1.0/armtools/bin/../lib/gcc/arm-atollic-eabi/6.3.1/../../../../arm-atollic-eabi/lib/armv7-m\libc_nano.a(lib_a-mlock.o)
 .ARM.attributes
                0x000007c6       0x2d c:/program files (x86)/atollic/truestudio for stm32 9.1.0/armtools/bin/../lib/gcc/arm-atollic-eabi/6.3.1/../../../../arm-atollic-eabi/lib/armv7-m\libc_nano.a(lib_a-nano-msizer.o)
 .ARM.attributes
                0x000007f3       0x2d c:/program files (x86)/atollic/truestudio for stm32 9.1.0/armtools/bin/../lib/gcc/arm-atollic-eabi/6.3.1/../../../../arm-atollic-eabi/lib/armv7-m\libc_nano.a(lib_a-reent.o)
 .ARM.attributes
                0x00000820       0x2d c:/program files (x86)/atollic/truestudio for stm32 9.1.0/armtools/bin/../lib/gcc/arm-atollic-eabi/6.3.1/../../../../arm-atollic-eabi/lib/armv7-m\libnosys.a(sbrk.o)
 .ARM.attributes
                0x0000084d       0x1d c:/program files (x86)/atollic/truestudio for stm32 9.1.0/armtools/bin/../lib/gcc/arm-atollic-eabi/6.3.1/armv7-m/crtn.o
OUTPUT(Meteostation.elf elf32-littlearm)

.debug_info     0x00000000    0x2517a
 .debug_info    0x00000000      0xfba Drivers\STM32F1xx_HAL_Driver\Src\stm32f1xx_hal.o
 .debug_info    0x00000fba     0x1469 Drivers\STM32F1xx_HAL_Driver\Src\stm32f1xx_hal_cortex.o
 .debug_info    0x00002423     0x1004 Drivers\STM32F1xx_HAL_Driver\Src\stm32f1xx_hal_dma.o
 .debug_info    0x00003427      0xe7e Drivers\STM32F1xx_HAL_Driver\Src\stm32f1xx_hal_gpio.o
 .debug_info    0x000042a5     0x38b9 Drivers\STM32F1xx_HAL_Driver\Src\stm32f1xx_hal_i2c.o
 .debug_info    0x00007b5e     0x19e2 Drivers\STM32F1xx_HAL_Driver\Src\stm32f1xx_hal_pcd.o
 .debug_info    0x00009540      0xdfb Drivers\STM32F1xx_HAL_Driver\Src\stm32f1xx_hal_pcd_ex.o
 .debug_info    0x0000a33b     0x11f6 Drivers\STM32F1xx_HAL_Driver\Src\stm32f1xx_hal_rcc.o
 .debug_info    0x0000b531      0xc53 Drivers\STM32F1xx_HAL_Driver\Src\stm32f1xx_hal_rcc_ex.o
 .debug_info    0x0000c184     0x3de6 Drivers\STM32F1xx_HAL_Driver\Src\stm32f1xx_hal_tim.o
 .debug_info    0x0000ff6a     0x1a9c Drivers\STM32F1xx_HAL_Driver\Src\stm32f1xx_hal_tim_ex.o
 .debug_info    0x00011a06     0x17c4 Drivers\STM32F1xx_HAL_Driver\Src\stm32f1xx_ll_usb.o
 .debug_info    0x000131ca     0x1581 Middlewares\ST\STM32_USB_Device_Library\Class\CDC\Src\usbd_cdc.o
 .debug_info    0x0001474b     0x1476 Middlewares\ST\STM32_USB_Device_Library\Core\Src\usbd_core.o
 .debug_info    0x00015bc1     0x1609 Middlewares\ST\STM32_USB_Device_Library\Core\Src\usbd_ctlreq.o
 .debug_info    0x000171ca      0xfc5 Middlewares\ST\STM32_USB_Device_Library\Core\Src\usbd_ioreq.o
 .debug_info    0x0001818f     0x3500 Src\main.o
 .debug_info    0x0001b68f     0x13b6 Src\nokia5110.o
 .debug_info    0x0001ca45     0x16bd Src\stm32f1xx_hal_msp.o
 .debug_info    0x0001e102     0x171a Src\stm32f1xx_it.o
 .debug_info    0x0001f81c      0xc07 Src\system_stm32f1xx.o
 .debug_info    0x00020423      0xe80 Src\usb_device.o
 .debug_info    0x000212a3     0x108a Src\usbd_cdc_if.o
 .debug_info    0x0002232d     0x2060 Src\usbd_conf.o
 .debug_info    0x0002438d      0xd7a Src\usbd_desc.o
 .debug_info    0x00025107       0x73 startup\startup_stm32f103xb.o

.debug_abbrev   0x00000000     0x47b0
 .debug_abbrev  0x00000000      0x308 Drivers\STM32F1xx_HAL_Driver\Src\stm32f1xx_hal.o
 .debug_abbrev  0x00000308      0x390 Drivers\STM32F1xx_HAL_Driver\Src\stm32f1xx_hal_cortex.o
 .debug_abbrev  0x00000698      0x2b1 Drivers\STM32F1xx_HAL_Driver\Src\stm32f1xx_hal_dma.o
 .debug_abbrev  0x00000949      0x277 Drivers\STM32F1xx_HAL_Driver\Src\stm32f1xx_hal_gpio.o
 .debug_abbrev  0x00000bc0      0x3c1 Drivers\STM32F1xx_HAL_Driver\Src\stm32f1xx_hal_i2c.o
 .debug_abbrev  0x00000f81      0x3bc Drivers\STM32F1xx_HAL_Driver\Src\stm32f1xx_hal_pcd.o
 .debug_abbrev  0x0000133d      0x1f5 Drivers\STM32F1xx_HAL_Driver\Src\stm32f1xx_hal_pcd_ex.o
 .debug_abbrev  0x00001532      0x340 Drivers\STM32F1xx_HAL_Driver\Src\stm32f1xx_hal_rcc.o
 .debug_abbrev  0x00001872      0x275 Drivers\STM32F1xx_HAL_Driver\Src\stm32f1xx_hal_rcc_ex.o
 .debug_abbrev  0x00001ae7      0x3c4 Drivers\STM32F1xx_HAL_Driver\Src\stm32f1xx_hal_tim.o
 .debug_abbrev  0x00001eab      0x32e Drivers\STM32F1xx_HAL_Driver\Src\stm32f1xx_hal_tim_ex.o
 .debug_abbrev  0x000021d9      0x317 Drivers\STM32F1xx_HAL_Driver\Src\stm32f1xx_ll_usb.o
 .debug_abbrev  0x000024f0      0x2d9 Middlewares\ST\STM32_USB_Device_Library\Class\CDC\Src\usbd_cdc.o
 .debug_abbrev  0x000027c9      0x308 Middlewares\ST\STM32_USB_Device_Library\Core\Src\usbd_core.o
 .debug_abbrev  0x00002ad1      0x39a Middlewares\ST\STM32_USB_Device_Library\Core\Src\usbd_ctlreq.o
 .debug_abbrev  0x00002e6b      0x1da Middlewares\ST\STM32_USB_Device_Library\Core\Src\usbd_ioreq.o
 .debug_abbrev  0x00003045      0x417 Src\main.o
 .debug_abbrev  0x0000345c      0x2b9 Src\nokia5110.o
 .debug_abbrev  0x00003715      0x23d Src\stm32f1xx_hal_msp.o
 .debug_abbrev  0x00003952      0x271 Src\stm32f1xx_it.o
 .debug_abbrev  0x00003bc3      0x1eb Src\system_stm32f1xx.o
 .debug_abbrev  0x00003dae      0x1e0 Src\usb_device.o
 .debug_abbrev  0x00003f8e      0x2ab Src\usbd_cdc_if.o
 .debug_abbrev  0x00004239      0x2ea Src\usbd_conf.o
 .debug_abbrev  0x00004523      0x27b Src\usbd_desc.o
 .debug_abbrev  0x0000479e       0x12 startup\startup_stm32f103xb.o

.debug_loc      0x00000000     0xe679
 .debug_loc     0x00000000      0x11c Drivers\STM32F1xx_HAL_Driver\Src\stm32f1xx_hal.o
 .debug_loc     0x0000011c      0x5dd Drivers\STM32F1xx_HAL_Driver\Src\stm32f1xx_hal_cortex.o
 .debug_loc     0x000006f9      0x80c Drivers\STM32F1xx_HAL_Driver\Src\stm32f1xx_hal_dma.o
 .debug_loc     0x00000f05      0x465 Drivers\STM32F1xx_HAL_Driver\Src\stm32f1xx_hal_gpio.o
 .debug_loc     0x0000136a     0x2e65 Drivers\STM32F1xx_HAL_Driver\Src\stm32f1xx_hal_i2c.o
 .debug_loc     0x000041cf      0xb70 Drivers\STM32F1xx_HAL_Driver\Src\stm32f1xx_hal_pcd.o
 .debug_loc     0x00004d3f       0xd6 Drivers\STM32F1xx_HAL_Driver\Src\stm32f1xx_hal_pcd_ex.o
 .debug_loc     0x00004e15      0x4f4 Drivers\STM32F1xx_HAL_Driver\Src\stm32f1xx_hal_rcc.o
 .debug_loc     0x00005309      0x2f1 Drivers\STM32F1xx_HAL_Driver\Src\stm32f1xx_hal_rcc_ex.o
 .debug_loc     0x000055fa     0x3f9f Drivers\STM32F1xx_HAL_Driver\Src\stm32f1xx_hal_tim.o
 .debug_loc     0x00009599      0xea8 Drivers\STM32F1xx_HAL_Driver\Src\stm32f1xx_hal_tim_ex.o
 .debug_loc     0x0000a441      0xda9 Drivers\STM32F1xx_HAL_Driver\Src\stm32f1xx_ll_usb.o
 .debug_loc     0x0000b1ea      0x542 Middlewares\ST\STM32_USB_Device_Library\Class\CDC\Src\usbd_cdc.o
 .debug_loc     0x0000b72c      0x724 Middlewares\ST\STM32_USB_Device_Library\Core\Src\usbd_core.o
 .debug_loc     0x0000be50      0xb3a Middlewares\ST\STM32_USB_Device_Library\Core\Src\usbd_ctlreq.o
 .debug_loc     0x0000c98a      0x23c Middlewares\ST\STM32_USB_Device_Library\Core\Src\usbd_ioreq.o
 .debug_loc     0x0000cbc6      0x7b0 Src\main.o
 .debug_loc     0x0000d376      0x4a4 Src\nokia5110.o
 .debug_loc     0x0000d81a       0x9d Src\stm32f1xx_hal_msp.o
 .debug_loc     0x0000d8b7       0xcd Src\system_stm32f1xx.o
 .debug_loc     0x0000d984       0xe7 Src\usbd_cdc_if.o
 .debug_loc     0x0000da6b      0x99b Src\usbd_conf.o
 .debug_loc     0x0000e406      0x273 Src\usbd_desc.o

.debug_aranges  0x00000000      0xf30
 .debug_aranges
                0x00000000       0xc8 Drivers\STM32F1xx_HAL_Driver\Src\stm32f1xx_hal.o
 .debug_aranges
                0x000000c8       0x90 Drivers\STM32F1xx_HAL_Driver\Src\stm32f1xx_hal_cortex.o
 .debug_aranges
                0x00000158       0x78 Drivers\STM32F1xx_HAL_Driver\Src\stm32f1xx_hal_dma.o
 .debug_aranges
                0x000001d0       0x58 Drivers\STM32F1xx_HAL_Driver\Src\stm32f1xx_hal_gpio.o
 .debug_aranges
                0x00000228      0x188 Drivers\STM32F1xx_HAL_Driver\Src\stm32f1xx_hal_i2c.o
 .debug_aranges
                0x000003b0       0xc0 Drivers\STM32F1xx_HAL_Driver\Src\stm32f1xx_hal_pcd.o
 .debug_aranges
                0x00000470       0x28 Drivers\STM32F1xx_HAL_Driver\Src\stm32f1xx_hal_pcd_ex.o
 .debug_aranges
                0x00000498       0x88 Drivers\STM32F1xx_HAL_Driver\Src\stm32f1xx_hal_rcc.o
 .debug_aranges
                0x00000520       0x30 Drivers\STM32F1xx_HAL_Driver\Src\stm32f1xx_hal_rcc_ex.o
 .debug_aranges
                0x00000550      0x250 Drivers\STM32F1xx_HAL_Driver\Src\stm32f1xx_hal_tim.o
 .debug_aranges
                0x000007a0       0xe0 Drivers\STM32F1xx_HAL_Driver\Src\stm32f1xx_hal_tim_ex.o
 .debug_aranges
                0x00000880       0xe0 Drivers\STM32F1xx_HAL_Driver\Src\stm32f1xx_ll_usb.o
 .debug_aranges
                0x00000960       0x90 Middlewares\ST\STM32_USB_Device_Library\Class\CDC\Src\usbd_cdc.o
 .debug_aranges
                0x000009f0       0xa8 Middlewares\ST\STM32_USB_Device_Library\Core\Src\usbd_core.o
 .debug_aranges
                0x00000a98       0x48 Middlewares\ST\STM32_USB_Device_Library\Core\Src\usbd_ctlreq.o
 .debug_aranges
                0x00000ae0       0x50 Middlewares\ST\STM32_USB_Device_Library\Core\Src\usbd_ioreq.o
 .debug_aranges
                0x00000b30       0xd0 Src\main.o
 .debug_aranges
                0x00000c00       0x78 Src\nokia5110.o
 .debug_aranges
                0x00000c78       0x40 Src\stm32f1xx_hal_msp.o
 .debug_aranges
                0x00000cb8       0x68 Src\stm32f1xx_it.o
 .debug_aranges
                0x00000d20       0x28 Src\system_stm32f1xx.o
 .debug_aranges
                0x00000d48       0x20 Src\usb_device.o
 .debug_aranges
                0x00000d68       0x40 Src\usbd_cdc_if.o
 .debug_aranges
                0x00000da8      0x110 Src\usbd_conf.o
 .debug_aranges
                0x00000eb8       0x50 Src\usbd_desc.o
 .debug_aranges
                0x00000f08       0x28 startup\startup_stm32f103xb.o

.debug_ranges   0x00000000     0x1c60
 .debug_ranges  0x00000000       0xb8 Drivers\STM32F1xx_HAL_Driver\Src\stm32f1xx_hal.o
 .debug_ranges  0x000000b8      0x158 Drivers\STM32F1xx_HAL_Driver\Src\stm32f1xx_hal_cortex.o
 .debug_ranges  0x00000210       0xc0 Drivers\STM32F1xx_HAL_Driver\Src\stm32f1xx_hal_dma.o
 .debug_ranges  0x000002d0       0x68 Drivers\STM32F1xx_HAL_Driver\Src\stm32f1xx_hal_gpio.o
 .debug_ranges  0x00000338      0x538 Drivers\STM32F1xx_HAL_Driver\Src\stm32f1xx_hal_i2c.o
 .debug_ranges  0x00000870      0x150 Drivers\STM32F1xx_HAL_Driver\Src\stm32f1xx_hal_pcd.o
 .debug_ranges  0x000009c0       0x18 Drivers\STM32F1xx_HAL_Driver\Src\stm32f1xx_hal_pcd_ex.o
 .debug_ranges  0x000009d8       0xe0 Drivers\STM32F1xx_HAL_Driver\Src\stm32f1xx_hal_rcc.o
 .debug_ranges  0x00000ab8       0x50 Drivers\STM32F1xx_HAL_Driver\Src\stm32f1xx_hal_rcc_ex.o
 .debug_ranges  0x00000b08      0x560 Drivers\STM32F1xx_HAL_Driver\Src\stm32f1xx_hal_tim.o
 .debug_ranges  0x00001068      0x1d8 Drivers\STM32F1xx_HAL_Driver\Src\stm32f1xx_hal_tim_ex.o
 .debug_ranges  0x00001240      0x2b8 Drivers\STM32F1xx_HAL_Driver\Src\stm32f1xx_ll_usb.o
 .debug_ranges  0x000014f8       0x80 Middlewares\ST\STM32_USB_Device_Library\Class\CDC\Src\usbd_cdc.o
 .debug_ranges  0x00001578       0x98 Middlewares\ST\STM32_USB_Device_Library\Core\Src\usbd_core.o
 .debug_ranges  0x00001610       0xe8 Middlewares\ST\STM32_USB_Device_Library\Core\Src\usbd_ctlreq.o
 .debug_ranges  0x000016f8       0x40 Middlewares\ST\STM32_USB_Device_Library\Core\Src\usbd_ioreq.o
 .debug_ranges  0x00001738      0x168 Src\main.o
 .debug_ranges  0x000018a0       0xe8 Src\nokia5110.o
 .debug_ranges  0x00001988       0x98 Src\stm32f1xx_hal_msp.o
 .debug_ranges  0x00001a20       0x58 Src\stm32f1xx_it.o
 .debug_ranges  0x00001a78       0x18 Src\system_stm32f1xx.o
 .debug_ranges  0x00001a90       0x10 Src\usb_device.o
 .debug_ranges  0x00001aa0       0x30 Src\usbd_cdc_if.o
 .debug_ranges  0x00001ad0      0x130 Src\usbd_conf.o
 .debug_ranges  0x00001c00       0x40 Src\usbd_desc.o
 .debug_ranges  0x00001c40       0x20 startup\startup_stm32f103xb.o

.debug_line     0x00000000     0xa2a3
 .debug_line    0x00000000      0x468 Drivers\STM32F1xx_HAL_Driver\Src\stm32f1xx_hal.o
 .debug_line    0x00000468      0x463 Drivers\STM32F1xx_HAL_Driver\Src\stm32f1xx_hal_cortex.o
 .debug_line    0x000008cb      0x7c5 Drivers\STM32F1xx_HAL_Driver\Src\stm32f1xx_hal_dma.o
 .debug_line    0x00001090      0x4cd Drivers\STM32F1xx_HAL_Driver\Src\stm32f1xx_hal_gpio.o
 .debug_line    0x0000155d     0x17e9 Drivers\STM32F1xx_HAL_Driver\Src\stm32f1xx_hal_i2c.o
 .debug_line    0x00002d46      0x73f Drivers\STM32F1xx_HAL_Driver\Src\stm32f1xx_hal_pcd.o
 .debug_line    0x00003485      0x2ee Drivers\STM32F1xx_HAL_Driver\Src\stm32f1xx_hal_pcd_ex.o
 .debug_line    0x00003773      0x6d5 Drivers\STM32F1xx_HAL_Driver\Src\stm32f1xx_hal_rcc.o
 .debug_line    0x00003e48      0x3eb Drivers\STM32F1xx_HAL_Driver\Src\stm32f1xx_hal_rcc_ex.o
 .debug_line    0x00004233     0x1631 Drivers\STM32F1xx_HAL_Driver\Src\stm32f1xx_hal_tim.o
 .debug_line    0x00005864      0x8b2 Drivers\STM32F1xx_HAL_Driver\Src\stm32f1xx_hal_tim_ex.o
 .debug_line    0x00006116      0x675 Drivers\STM32F1xx_HAL_Driver\Src\stm32f1xx_ll_usb.o
 .debug_line    0x0000678b      0x51f Middlewares\ST\STM32_USB_Device_Library\Class\CDC\Src\usbd_cdc.o
 .debug_line    0x00006caa      0x51e Middlewares\ST\STM32_USB_Device_Library\Core\Src\usbd_core.o
 .debug_line    0x000071c8      0x48b Middlewares\ST\STM32_USB_Device_Library\Core\Src\usbd_ctlreq.o
 .debug_line    0x00007653      0x390 Middlewares\ST\STM32_USB_Device_Library\Core\Src\usbd_ioreq.o
 .debug_line    0x000079e3      0x8be Src\main.o
 .debug_line    0x000082a1      0x49b Src\nokia5110.o
 .debug_line    0x0000873c      0x396 Src\stm32f1xx_hal_msp.o
 .debug_line    0x00008ad2      0x3fa Src\stm32f1xx_it.o
 .debug_line    0x00008ecc      0x299 Src\system_stm32f1xx.o
 .debug_line    0x00009165      0x367 Src\usb_device.o
 .debug_line    0x000094cc      0x38f Src\usbd_cdc_if.o
 .debug_line    0x0000985b      0x65f Src\usbd_conf.o
 .debug_line    0x00009eba      0x36c Src\usbd_desc.o
 .debug_line    0x0000a226       0x7d startup\startup_stm32f103xb.o

.debug_str      0x00000000     0x518e
 .debug_str     0x00000000      0xbc2 Drivers\STM32F1xx_HAL_Driver\Src\stm32f1xx_hal.o
                                0xc69 (size before relaxing)
 .debug_str     0x00000bc2      0x2e1 Drivers\STM32F1xx_HAL_Driver\Src\stm32f1xx_hal_cortex.o
                                0xd17 (size before relaxing)
 .debug_str     0x00000ea3      0x3e6 Drivers\STM32F1xx_HAL_Driver\Src\stm32f1xx_hal_dma.o
                                0xa7b (size before relaxing)
 .debug_str     0x00001289      0x1c4 Drivers\STM32F1xx_HAL_Driver\Src\stm32f1xx_hal_gpio.o
                                0x884 (size before relaxing)
 .debug_str     0x0000144d      0xa6c Drivers\STM32F1xx_HAL_Driver\Src\stm32f1xx_hal_i2c.o
                               0x131a (size before relaxing)
 .debug_str     0x00001eb9      0x797 Drivers\STM32F1xx_HAL_Driver\Src\stm32f1xx_hal_pcd.o
                                0xe7e (size before relaxing)
 .debug_str     0x00002650       0x57 Drivers\STM32F1xx_HAL_Driver\Src\stm32f1xx_hal_pcd_ex.o
                                0x9a9 (size before relaxing)
 .debug_str     0x000026a7      0x2ff Drivers\STM32F1xx_HAL_Driver\Src\stm32f1xx_hal_rcc.o
                                0xa5b (size before relaxing)
 .debug_str     0x000029a6      0x12b Drivers\STM32F1xx_HAL_Driver\Src\stm32f1xx_hal_rcc_ex.o
                                0x83f (size before relaxing)
 .debug_str     0x00002ad1      0xf05 Drivers\STM32F1xx_HAL_Driver\Src\stm32f1xx_hal_tim.o
                               0x17b3 (size before relaxing)
 .debug_str     0x000039d6      0x4f1 Drivers\STM32F1xx_HAL_Driver\Src\stm32f1xx_hal_tim_ex.o
                               0x1055 (size before relaxing)
 .debug_str     0x00003ec7      0x155 Drivers\STM32F1xx_HAL_Driver\Src\stm32f1xx_ll_usb.o
                                0xb7c (size before relaxing)
 .debug_str     0x0000401c      0x64f Middlewares\ST\STM32_USB_Device_Library\Class\CDC\Src\usbd_cdc.o
                                0xd28 (size before relaxing)
 .debug_str     0x0000466b      0x2a0 Middlewares\ST\STM32_USB_Device_Library\Core\Src\usbd_core.o
                                0xc9a (size before relaxing)
 .debug_str     0x0000490b      0x12e Middlewares\ST\STM32_USB_Device_Library\Core\Src\usbd_ctlreq.o
                                0xbb4 (size before relaxing)
 .debug_str     0x00004a39       0x51 Middlewares\ST\STM32_USB_Device_Library\Core\Src\usbd_ioreq.o
                                0xae1 (size before relaxing)
 .debug_str     0x00004a8a      0x34a Src\main.o
                               0x1a9e (size before relaxing)
 .debug_str     0x00004dd4       0x50 Src\nokia5110.o
                                0x707 (size before relaxing)
 .debug_str     0x00004e24       0x25 Src\stm32f1xx_hal_msp.o
                               0x10c9 (size before relaxing)
 .debug_str     0x00004e49      0x103 Src\stm32f1xx_it.o
                               0x1114 (size before relaxing)
 .debug_str     0x00004f4c       0x4d Src\system_stm32f1xx.o
                                0x6ed (size before relaxing)
 .debug_str     0x00004f99       0x2b Src\usb_device.o
                                0xa7a (size before relaxing)
 .debug_str     0x00004fc4       0x6b Src\usbd_cdc_if.o
                                0xb74 (size before relaxing)
 .debug_str     0x0000502f       0x51 Src\usbd_conf.o
                               0x157b (size before relaxing)
 .debug_str     0x00005080      0x10e Src\usbd_desc.o
                                0x855 (size before relaxing)

.comment        0x00000000       0x7c
 .comment       0x00000000       0x7c Drivers\STM32F1xx_HAL_Driver\Src\stm32f1xx_hal.o
                                 0x7d (size before relaxing)
 .comment       0x0000007c       0x7d Drivers\STM32F1xx_HAL_Driver\Src\stm32f1xx_hal_cortex.o
 .comment       0x0000007c       0x7d Drivers\STM32F1xx_HAL_Driver\Src\stm32f1xx_hal_dma.o
 .comment       0x0000007c       0x7d Drivers\STM32F1xx_HAL_Driver\Src\stm32f1xx_hal_gpio.o
 .comment       0x0000007c       0x7d Drivers\STM32F1xx_HAL_Driver\Src\stm32f1xx_hal_i2c.o
 .comment       0x0000007c       0x7d Drivers\STM32F1xx_HAL_Driver\Src\stm32f1xx_hal_pcd.o
 .comment       0x0000007c       0x7d Drivers\STM32F1xx_HAL_Driver\Src\stm32f1xx_hal_pcd_ex.o
 .comment       0x0000007c       0x7d Drivers\STM32F1xx_HAL_Driver\Src\stm32f1xx_hal_rcc.o
 .comment       0x0000007c       0x7d Drivers\STM32F1xx_HAL_Driver\Src\stm32f1xx_hal_rcc_ex.o
 .comment       0x0000007c       0x7d Drivers\STM32F1xx_HAL_Driver\Src\stm32f1xx_hal_tim.o
 .comment       0x0000007c       0x7d Drivers\STM32F1xx_HAL_Driver\Src\stm32f1xx_hal_tim_ex.o
 .comment       0x0000007c       0x7d Drivers\STM32F1xx_HAL_Driver\Src\stm32f1xx_ll_usb.o
 .comment       0x0000007c       0x7d Middlewares\ST\STM32_USB_Device_Library\Class\CDC\Src\usbd_cdc.o
 .comment       0x0000007c       0x7d Middlewares\ST\STM32_USB_Device_Library\Core\Src\usbd_core.o
 .comment       0x0000007c       0x7d Middlewares\ST\STM32_USB_Device_Library\Core\Src\usbd_ctlreq.o
 .comment       0x0000007c       0x7d Middlewares\ST\STM32_USB_Device_Library\Core\Src\usbd_ioreq.o
 .comment       0x0000007c       0x7d Src\main.o
 .comment       0x0000007c       0x7d Src\nokia5110.o
 .comment       0x0000007c       0x7d Src\stm32f1xx_hal_msp.o
 .comment       0x0000007c       0x7d Src\stm32f1xx_it.o
 .comment       0x0000007c       0x7d Src\system_stm32f1xx.o
 .comment       0x0000007c       0x7d Src\usb_device.o
 .comment       0x0000007c       0x7d Src\usbd_cdc_if.o
 .comment       0x0000007c       0x7d Src\usbd_conf.o
 .comment       0x0000007c       0x7d Src\usbd_desc.o

.debug_frame    0x00000000     0x32e4
 .debug_frame   0x00000000      0x1b0 Drivers\STM32F1xx_HAL_Driver\Src\stm32f1xx_hal.o
 .debug_frame   0x000001b0      0x140 Drivers\STM32F1xx_HAL_Driver\Src\stm32f1xx_hal_cortex.o
 .debug_frame   0x000002f0      0x1a0 Drivers\STM32F1xx_HAL_Driver\Src\stm32f1xx_hal_dma.o
 .debug_frame   0x00000490       0xec Drivers\STM32F1xx_HAL_Driver\Src\stm32f1xx_hal_gpio.o
 .debug_frame   0x0000057c      0x6f4 Drivers\STM32F1xx_HAL_Driver\Src\stm32f1xx_hal_i2c.o
 .debug_frame   0x00000c70      0x2e0 Drivers\STM32F1xx_HAL_Driver\Src\stm32f1xx_hal_pcd.o
 .debug_frame   0x00000f50       0x30 Drivers\STM32F1xx_HAL_Driver\Src\stm32f1xx_hal_pcd_ex.o
 .debug_frame   0x00000f80      0x180 Drivers\STM32F1xx_HAL_Driver\Src\stm32f1xx_hal_rcc.o
 .debug_frame   0x00001100       0x78 Drivers\STM32F1xx_HAL_Driver\Src\stm32f1xx_hal_rcc_ex.o
 .debug_frame   0x00001178      0x944 Drivers\STM32F1xx_HAL_Driver\Src\stm32f1xx_hal_tim.o
 .debug_frame   0x00001abc      0x34c Drivers\STM32F1xx_HAL_Driver\Src\stm32f1xx_hal_tim_ex.o
 .debug_frame   0x00001e08      0x27c Drivers\STM32F1xx_HAL_Driver\Src\stm32f1xx_ll_usb.o
 .debug_frame   0x00002084      0x154 Middlewares\ST\STM32_USB_Device_Library\Class\CDC\Src\usbd_cdc.o
 .debug_frame   0x000021d8      0x1c0 Middlewares\ST\STM32_USB_Device_Library\Core\Src\usbd_core.o
 .debug_frame   0x00002398       0xbc Middlewares\ST\STM32_USB_Device_Library\Core\Src\usbd_ctlreq.o
 .debug_frame   0x00002454       0xc0 Middlewares\ST\STM32_USB_Device_Library\Core\Src\usbd_ioreq.o
 .debug_frame   0x00002514      0x2fc Src\main.o
 .debug_frame   0x00002810      0x17c Src\nokia5110.o
 .debug_frame   0x0000298c       0xa0 Src\stm32f1xx_hal_msp.o
 .debug_frame   0x00002a2c       0xfc Src\stm32f1xx_it.o
 .debug_frame   0x00002b28       0x3c Src\system_stm32f1xx.o
 .debug_frame   0x00002b64       0x2c Src\usb_device.o
 .debug_frame   0x00002b90       0x7c Src\usbd_cdc_if.o
 .debug_frame   0x00002c0c      0x294 Src\usbd_conf.o
 .debug_frame   0x00002ea0       0xa8 Src\usbd_desc.o
 .debug_frame   0x00002f48       0x2c c:/program files (x86)/atollic/truestudio for stm32 9.1.0/armtools/bin/../lib/gcc/arm-atollic-eabi/6.3.1/../../../../arm-atollic-eabi/lib/armv7-m\libc_nano.a(lib_a-init.o)
 .debug_frame   0x00002f74       0x70 c:/program files (x86)/atollic/truestudio for stm32 9.1.0/armtools/bin/../lib/gcc/arm-atollic-eabi/6.3.1/../../../../arm-atollic-eabi/lib/armv7-m\libc_nano.a(lib_a-sprintf.o)
 .debug_frame   0x00002fe4       0x90 c:/program files (x86)/atollic/truestudio for stm32 9.1.0/armtools/bin/../lib/gcc/arm-atollic-eabi/6.3.1/../../../../arm-atollic-eabi/lib/armv7-m\libc_nano.a(lib_a-nano-svfprintf.o)
 .debug_frame   0x00003074       0x60 c:/program files (x86)/atollic/truestudio for stm32 9.1.0/armtools/bin/../lib/gcc/arm-atollic-eabi/6.3.1/../../../../arm-atollic-eabi/lib/armv7-m\libc_nano.a(lib_a-nano-vfprintf_i.o)
 .debug_frame   0x000030d4       0x28 c:/program files (x86)/atollic/truestudio for stm32 9.1.0/armtools/bin/../lib/gcc/arm-atollic-eabi/6.3.1/../../../../arm-atollic-eabi/lib/armv7-m\libc_nano.a(lib_a-memchr-stub.o)
 .debug_frame   0x000030fc       0x28 c:/program files (x86)/atollic/truestudio for stm32 9.1.0/armtools/bin/../lib/gcc/arm-atollic-eabi/6.3.1/../../../../arm-atollic-eabi/lib/armv7-m\libc_nano.a(lib_a-memcpy-stub.o)
 .debug_frame   0x00003124       0x28 c:/program files (x86)/atollic/truestudio for stm32 9.1.0/armtools/bin/../lib/gcc/arm-atollic-eabi/6.3.1/../../../../arm-atollic-eabi/lib/armv7-m\libc_nano.a(lib_a-memmove.o)
 .debug_frame   0x0000314c       0x38 c:/program files (x86)/atollic/truestudio for stm32 9.1.0/armtools/bin/../lib/gcc/arm-atollic-eabi/6.3.1/../../../../arm-atollic-eabi/lib/armv7-m\libc_nano.a(lib_a-nano-freer.o)
 .debug_frame   0x00003184       0x2c c:/program files (x86)/atollic/truestudio for stm32 9.1.0/armtools/bin/../lib/gcc/arm-atollic-eabi/6.3.1/../../../../arm-atollic-eabi/lib/armv7-m\libc_nano.a(lib_a-nano-mallocr.o)
 .debug_frame   0x000031b0       0x3c c:/program files (x86)/atollic/truestudio for stm32 9.1.0/armtools/bin/../lib/gcc/arm-atollic-eabi/6.3.1/../../../../arm-atollic-eabi/lib/armv7-m\libc_nano.a(lib_a-nano-reallocr.o)
 .debug_frame   0x000031ec       0x2c c:/program files (x86)/atollic/truestudio for stm32 9.1.0/armtools/bin/../lib/gcc/arm-atollic-eabi/6.3.1/../../../../arm-atollic-eabi/lib/armv7-m\libc_nano.a(lib_a-sbrkr.o)
 .debug_frame   0x00003218       0x30 c:/program files (x86)/atollic/truestudio for stm32 9.1.0/armtools/bin/../lib/gcc/arm-atollic-eabi/6.3.1/../../../../arm-atollic-eabi/lib/armv7-m\libc_nano.a(lib_a-mlock.o)
 .debug_frame   0x00003248       0x20 c:/program files (x86)/atollic/truestudio for stm32 9.1.0/armtools/bin/../lib/gcc/arm-atollic-eabi/6.3.1/../../../../arm-atollic-eabi/lib/armv7-m\libc_nano.a(lib_a-nano-msizer.o)
 .debug_frame   0x00003268       0x5c c:/program files (x86)/atollic/truestudio for stm32 9.1.0/armtools/bin/../lib/gcc/arm-atollic-eabi/6.3.1/../../../../arm-atollic-eabi/lib/armv7-m\libc_nano.a(lib_a-reent.o)
 .debug_frame   0x000032c4       0x20 c:/program files (x86)/atollic/truestudio for stm32 9.1.0/armtools/bin/../lib/gcc/arm-atollic-eabi/6.3.1/../../../../arm-atollic-eabi/lib/armv7-m\libnosys.a(sbrk.o)
