main.c:241:6:SystemClock_Config	72	static
main.c:390:6:PinASet	0	static
main.c:395:6:PinAReset	0	static
main.c:400:6:SendBitSet	8	static
main.c:407:6:SendBitClr	8	static
main.c:414:6:SendByte	16	static
main.c:428:6:SendData	8	static
main.c:434:6:SendCom	8	static
main.c:360:6:LCD_Init	8	static
main.c:440:6:XadressLCD	0	static
main.c:445:6:YadressLCD	0	static
main.c:450:6:LCD_RAM_Clr	8	static
main.c:465:6:PrintFrame	16	static
main.c:555:6:PrintFont	16	static
main.c:568:6:PinAOut	24	static
main.c:579:6:PinAIn	24	static
main.c:589:6:StartDHT	16	static
main.c:603:6:ReadDHT	40	static
main.c:631:6:PrintRHTmprFont	16	static
main.c:645:6:NextLine	8	static
main.c:653:6:PrintBig	24	static
main.c:672:6:PrintToBig	0	static
main.c:712:6:PrintRHTmprBig	32	static
main.c:165:5:main	40	static
main.c:751:6:_Error_Handler	0	static
