main.c:364:6:PinSet	0	static
main.c:369:6:PinReset	0	static
main.c:199:6:SystemClock_Config	72	static
main.c:374:6:SendBitSet	8	static
main.c:381:6:SendBitClr	8	static
main.c:388:6:SendByte	16	static
main.c:402:6:SendData	8	static
main.c:408:6:SendCom	8	static
main.c:334:6:LCD_Init	8	static
main.c:414:6:XadressLCD	0	static
main.c:419:6:YadressLCD	0	static
main.c:424:6:LCD_RAM_Clr	16	static
main.c:443:6:PrintFrame	16	static
main.c:533:6:PrintFont	16	static
main.c:544:6:PinAOut	24	static
main.c:555:6:PinAIn	24	static
main.c:565:6:StartDHT	16	static
main.c:579:6:ReadDHT	40	static
main.c:607:6:PrintRHTmprFont	16	static
main.c:621:6:NextLine	8	static
main.c:629:6:PrintBig	24	static
main.c:648:6:PrintToBig	0	static
main.c:688:6:PrintRHTmprBig	32	static
main.c:726:6:myputc	16	static
main.c:717:6:PrintString	8	static
main.c:110:5:main	40	static
main.c:745:6:_Error_Handler	8	static
