main.c:402:6:PinSet	0	static
main.c:407:6:PinReset	0	static
main.c:204:6:SystemClock_Config	72	static
main.c:412:6:SendBitSet	8	static
main.c:419:6:SendBitClr	8	static
main.c:426:6:SendByte	16	static
main.c:440:6:SendData	8	static
main.c:446:6:SendCom	8	static
main.c:372:6:LCD_Init	8	static
main.c:452:6:XadressLCD	0	static
main.c:457:6:YadressLCD	0	static
main.c:462:6:SetXY	8	static
main.c:470:6:LCD_RAM_Clr	16	static
main.c:489:6:PrintFrame	16	static
main.c:579:6:PrintFont	16	static
main.c:590:6:PinAOut	24	static
main.c:601:6:PinAIn	24	static
main.c:611:6:StartDHT	16	static
main.c:625:6:ReadDHT	40	static
main.c:653:6:PrintRHTmprFont	16	static
main.c:667:6:NextLine	8	static
main.c:675:6:PrintBig	24	static
main.c:694:6:PrintToBig	0	static
main.c:734:6:PrintRHTmprBig	32	static
main.c:772:6:myputc	16	static
main.c:763:6:PrintString	8	static
main.c:114:5:main	40	static
main.c:791:6:_Error_Handler	8	static
