main.c:874:6:_Error_Handler.constprop	8	static
main.c:207:6:SystemClock_Config	72	static
main.c:417:6:SendBitSet	8	static
main.c:426:6:SendBitClr	8	static
main.c:435:6:SendByte	16	static
main.c:450:6:SendData	8	static
main.c:456:6:SendCom	8	static
main.c:386:6:LCD_Init	8	static
main.c:463:6:XadressLCD	0	static
main.c:467:6:YadressLCD	0	static
main.c:471:6:SetXY	8	static
main.c:479:6:LCD_RAM_Clr	16	static
main.c:497:6:PrintFrame	16	static
main.c:586:6:NextLine	8	static
main.c:594:6:PinAOut	24	static
main.c:604:6:PinAIn	24	static
main.c:614:6:StartDHT	16	static
main.c:628:6:ReadDHT	40	static
main.c:680:6:PrintBig	24	static
main.c:698:6:PrintToBig	0	static
main.c:737:6:PrintRHTmprBig	32	static
main.c:773:6:myputc	16	static
main.c:765:6:PrintString	8	static
main.c:783:6:PrintVariable	16	static
main.c:802:6:Screen0	16	static
main.c:128:5:main	64	static
main.c:821:6:Screen1	8	static
main.c:836:6:Switch0_1	8	static
main.c:843:6:Switch1_0	8	static
main.c:850:6:Switch1_2	8	static
main.c:857:6:Switch2_0	8	static
main.c:874:6:_Error_Handler	8	static
