main.c:679:6:_Error_Handler.constprop	8	static
main.c:203:6:SystemClock_Config	72	static
main.c:399:6:PinAOut	24	static
main.c:409:6:PinAIn	24	static
main.c:419:6:StartDHT	16	static
main.c:433:6:ReadDHT	40	static
main.c:485:6:PrintBig	24	static
main.c:503:6:PrintToBig	0	static
main.c:542:6:PrintRHTmprBig	32	static
main.c:578:6:myputc	16	static
main.c:570:6:PrintString	8	static
main.c:588:6:PrintVariable	16	static
main.c:607:6:Screen0	16	static
main.c:122:5:main	64	static
main.c:626:6:Screen1	8	static
main.c:641:6:Switch0_1	8	static
main.c:648:6:Switch1_0	8	static
main.c:655:6:Switch1_2	8	static
main.c:662:6:Switch2_0	8	static
main.c:679:6:_Error_Handler	8	static
