main.c:403:6:PinSet	0	static
main.c:408:6:PinReset	0	static
main.c:205:6:SystemClock_Config	72	static
main.c:413:6:SendBitSet	8	static
main.c:420:6:SendBitClr	8	static
main.c:427:6:SendByte	16	static
main.c:441:6:SendData	8	static
main.c:447:6:SendCom	8	static
main.c:373:6:LCD_Init	8	static
main.c:453:6:XadressLCD	0	static
main.c:458:6:YadressLCD	0	static
main.c:463:6:SetXY	8	static
main.c:471:6:LCD_RAM_Clr	16	static
main.c:490:6:PrintFrame	16	static
main.c:580:6:PinAOut	24	static
main.c:591:6:PinAIn	24	static
main.c:601:6:StartDHT	16	static
main.c:615:6:ReadDHT	40	static
main.c:660:6:NextLine	8	static
main.c:668:6:PrintBig	24	static
main.c:687:6:PrintToBig	0	static
main.c:727:6:PrintRHTmprBig	32	static
main.c:765:6:myputc	16	static
main.c:756:6:PrintString	8	static
main.c:776:6:Screen0	16	static
main.c:127:5:main	40	static
main.c:795:6:Screen1	8	static
main.c:807:6:Switch0_1	8	static
main.c:814:6:Switch1_0	8	static
main.c:821:6:Switch1_2	8	static
main.c:828:6:Switch2_0	8	static
main.c:845:6:_Error_Handler	8	static
