main.c:399:6:PinSet	0	static
main.c:404:6:PinReset	0	static
main.c:201:6:SystemClock_Config	72	static
main.c:409:6:SendBitSet	8	static
main.c:416:6:SendBitClr	8	static
main.c:423:6:SendByte	16	static
main.c:437:6:SendData	8	static
main.c:443:6:SendCom	8	static
main.c:369:6:LCD_Init	8	static
main.c:449:6:XadressLCD	0	static
main.c:454:6:YadressLCD	0	static
main.c:459:6:SetXY	8	static
main.c:467:6:LCD_RAM_Clr	16	static
main.c:486:6:PrintFrame	16	static
main.c:576:6:PinAOut	24	static
main.c:587:6:PinAIn	24	static
main.c:597:6:StartDHT	16	static
main.c:611:6:ReadDHT	40	static
main.c:656:6:NextLine	8	static
main.c:664:6:PrintBig	24	static
main.c:683:6:PrintToBig	0	static
main.c:723:6:PrintRHTmprBig	32	static
main.c:761:6:myputc	16	static
main.c:752:6:PrintString	8	static
main.c:772:6:Screen0	16	static
main.c:123:5:main	40	static
main.c:795:6:Screen1	8	static
main.c:811:6:_Error_Handler	8	static
