main.c:493:6:SystemClock_Config	72	static
main.c:658:6:PinASet	0	static
main.c:663:6:PinAReset	0	static
main.c:668:6:SendBitSet	8	static
main.c:675:6:SendBitClr	8	static
main.c:682:6:SendByte	16	static
main.c:696:6:SendData	8	static
main.c:702:6:SendCom	8	static
main.c:628:6:LCD_Init	8	static
main.c:708:6:XadressLCD	0	static
main.c:713:6:YadressLCD	0	static
main.c:718:6:LCD_RAM_Clr	8	static
main.c:733:6:PrintFrame	16	static
main.c:823:6:PrintFont	16	static
main.c:834:6:PinAOut	24	static
main.c:845:6:PinAIn	24	static
main.c:855:6:StartDHT	16	static
main.c:869:6:ReadDHT	40	static
main.c:897:6:PrintRHTmprFont	16	static
main.c:911:6:NextLine	8	static
main.c:919:6:PrintBig	24	static
main.c:938:6:PrintToBig	0	static
main.c:978:6:PrintRHTmprBig	32	static
main.c:1016:6:myputc	16	static
main.c:1007:6:PrintString	8	static
main.c:411:5:main	40	static
main.c:1035:6:_Error_Handler	0	static
