main.c:751:6:_Error_Handler.constprop	8	static
main.c:243:6:SystemClock_Config	104	static
main.c:453:6:PinAOut	24	static
main.c:463:6:PinAIn	24	static
main.c:473:6:StartDHT	32	static
main.c:487:6:ReadDHT	40	static
main.c:539:6:PrintBig	24	static
main.c:557:6:PrintToBig	0	static
main.c:596:6:PrintRHTmprBig	40	static
main.c:649:6:myputc	16	static
main.c:641:6:PrintString	8	static
main.c:142:5:main	88	static
main.c:659:6:PrintVariable	16	static
main.c:678:6:Screen0	16	static
main.c:697:6:Screen1	8	static
main.c:712:6:Switch0_1	8	static
main.c:719:6:Switch1_0	8	static
main.c:726:6:Switch1_2	8	static
main.c:733:6:Switch2_0	8	static
main.c:751:6:_Error_Handler	8	static
