main.c:504:6:SystemClock_Config	72	static
main.c:653:6:PinASet	0	static
main.c:658:6:PinAReset	0	static
main.c:663:6:SendBitSet	8	static
main.c:670:6:SendBitClr	8	static
main.c:677:6:SendByte	16	static
main.c:691:6:SendData	8	static
main.c:697:6:SendCom	8	static
main.c:623:6:LCD_Init	8	static
main.c:703:6:XadressLCD	0	static
main.c:708:6:YadressLCD	0	static
main.c:713:6:LCD_RAM_Clr	8	static
main.c:728:6:PrintFrame	16	static
main.c:818:6:PrintFont	16	static
main.c:829:6:PinAOut	24	static
main.c:840:6:PinAIn	24	static
main.c:850:6:StartDHT	16	static
main.c:864:6:ReadDHT	40	static
main.c:892:6:PrintRHTmprFont	16	static
main.c:906:6:NextLine	8	static
main.c:914:6:PrintBig	24	static
main.c:933:6:PrintToBig	0	static
main.c:973:6:PrintRHTmprBig	32	static
main.c:1011:6:myputc	16	static
main.c:1002:6:PrintString	8	static
main.c:422:5:main	40	static
main.c:1030:6:_Error_Handler	0	static
