main.c:876:6:_Error_Handler.constprop	8	static
main.c:305:6:SystemClock_Config	104	static
main.c:506:6:PinAOut	24	static
main.c:516:6:PinAIn	24	static
main.c:526:6:StartDHT	32	static
main.c:540:6:ReadDHT	40	static
main.c:592:6:PrintBig	24	static
main.c:610:6:PrintToBig	0	static
main.c:649:6:PrintRHTmprBig	24	static
main.c:694:6:myputc	16	static
main.c:686:6:PrintString	8	static
main.c:704:6:PrintVariable	16	static
main.c:723:6:Screen0	16	static
main.c:742:6:Screen1	8	static
main.c:757:6:Switch0_1	8	static
main.c:764:6:Switch1_0	8	static
main.c:771:6:Switch1_2	8	static
main.c:778:6:Switch2_0	8	static
main.c:786:9:BME280_tmpr	40	static
main.c:817:10:BME280_h	64	static
main.c:156:5:main	88	static
main.c:876:6:_Error_Handler	8	static
