main.c:404:6:PinSet	0	static
main.c:408:6:PinReset	0	static
main.c:206:6:SystemClock_Config	72	static
main.c:413:6:SendBitSet	8	static
main.c:419:6:SendBitClr	8	static
main.c:425:6:SendByte	16	static
main.c:438:6:SendData	8	static
main.c:443:6:SendCom	8	static
main.c:374:6:LCD_Init	8	static
main.c:449:6:XadressLCD	0	static
main.c:453:6:YadressLCD	0	static
main.c:457:6:SetXY	8	static
main.c:465:6:LCD_RAM_Clr	16	static
main.c:483:6:PrintFrame	16	static
main.c:572:6:NextLine	8	static
main.c:580:6:PinAOut	24	static
main.c:590:6:PinAIn	24	static
main.c:600:6:StartDHT	16	static
main.c:613:6:ReadDHT	40	static
main.c:665:6:PrintBig	24	static
main.c:683:6:PrintToBig	0	static
main.c:722:6:PrintRHTmprBig	32	static
main.c:758:6:myputc	16	static
main.c:750:6:PrintString	8	static
main.c:768:6:PrintVariable	16	static
main.c:787:6:Screen0	16	static
main.c:128:5:main	40	static
main.c:806:6:Screen1	8	static
main.c:821:6:Switch0_1	8	static
main.c:828:6:Switch1_0	8	static
main.c:835:6:Switch1_2	8	static
main.c:842:6:Switch2_0	8	static
main.c:859:6:_Error_Handler	8	static
