main.c:650:6:PinSet	0	static
main.c:655:6:PinReset	0	static
main.c:485:6:SystemClock_Config	72	static
main.c:660:6:SendBitSet	8	static
main.c:667:6:SendBitClr	8	static
main.c:674:6:SendByte	16	static
main.c:688:6:SendData	8	static
main.c:694:6:SendCom	8	static
main.c:620:6:LCD_Init	8	static
main.c:700:6:XadressLCD	0	static
main.c:705:6:YadressLCD	0	static
main.c:710:6:LCD_RAM_Clr	8	static
main.c:725:6:PrintFrame	16	static
main.c:815:6:PrintFont	16	static
main.c:826:6:PinAOut	24	static
main.c:837:6:PinAIn	24	static
main.c:847:6:StartDHT	16	static
main.c:861:6:ReadDHT	40	static
main.c:889:6:PrintRHTmprFont	16	static
main.c:903:6:NextLine	8	static
main.c:911:6:PrintBig	24	static
main.c:930:6:PrintToBig	0	static
main.c:970:6:PrintRHTmprBig	32	static
main.c:1008:6:myputc	16	static
main.c:999:6:PrintString	8	static
main.c:403:5:main	40	static
main.c:1027:6:_Error_Handler	8	static
