main.c:401:6:PinSet	0	static
main.c:406:6:PinReset	0	static
main.c:203:6:SystemClock_Config	72	static
main.c:411:6:SendBitSet	8	static
main.c:418:6:SendBitClr	8	static
main.c:425:6:SendByte	16	static
main.c:439:6:SendData	8	static
main.c:445:6:SendCom	8	static
main.c:371:6:LCD_Init	8	static
main.c:451:6:XadressLCD	0	static
main.c:456:6:YadressLCD	0	static
main.c:461:6:SetXY	8	static
main.c:469:6:LCD_RAM_Clr	16	static
main.c:488:6:PrintFrame	16	static
main.c:578:6:PinAOut	24	static
main.c:589:6:PinAIn	24	static
main.c:599:6:StartDHT	16	static
main.c:613:6:ReadDHT	40	static
main.c:658:6:NextLine	8	static
main.c:666:6:PrintBig	24	static
main.c:685:6:PrintToBig	0	static
main.c:725:6:PrintRHTmprBig	32	static
main.c:763:6:myputc	16	static
main.c:754:6:PrintString	8	static
main.c:774:6:Screen0	16	static
main.c:125:5:main	40	static
main.c:794:6:Screen1	8	static
main.c:804:6:Switch0_1	8	static
main.c:811:6:Switch1_0	8	static
main.c:828:6:_Error_Handler	8	static
