main.c:889:6:_Error_Handler.constprop	8	static
main.c:299:6:SystemClock_Config	104	static
main.c:500:6:PinAOut	24	static
main.c:510:6:PinAIn	24	static
main.c:520:6:StartDHT	32	static
main.c:534:6:ReadDHT	40	static
main.c:586:6:PrintBig	24	static
main.c:604:6:PrintToBig	0	static
main.c:643:6:PrintRHTmprBig	24	static
main.c:688:6:myputc	16	static
main.c:680:6:PrintString	8	static
main.c:698:6:PrintVariable	16	static
main.c:717:6:Screen0	16	static
main.c:736:6:Screen1	8	static
main.c:751:6:Switch0_1	8	static
main.c:758:6:Switch1_0	8	static
main.c:765:6:Switch1_2	8	static
main.c:772:6:Switch2_0	8	static
main.c:780:9:BME280_tmpr	40	static
main.c:813:10:BME280_h	64	static
main.c:157:5:main	88	static
main.c:863:6:BME280_reset	32	static
main.c:889:6:_Error_Handler	8	static
