main.c:429:6:PinSet	0	static
main.c:434:6:PinReset	0	static
main.c:231:6:SystemClock_Config	72	static
main.c:439:6:SendBitSet	8	static
main.c:446:6:SendBitClr	8	static
main.c:453:6:SendByte	16	static
main.c:467:6:SendData	8	static
main.c:473:6:SendCom	8	static
main.c:399:6:LCD_Init	8	static
main.c:479:6:XadressLCD	0	static
main.c:484:6:YadressLCD	0	static
main.c:489:6:SetXY	8	static
main.c:497:6:LCD_RAM_Clr	16	static
main.c:516:6:PrintFrame	16	static
main.c:606:6:PrintFont	16	static
main.c:617:6:PinAOut	24	static
main.c:628:6:PinAIn	24	static
main.c:638:6:StartDHT	16	static
main.c:652:6:ReadDHT	40	static
main.c:680:6:PrintRHTmprFont	16	static
main.c:694:6:NextLine	8	static
main.c:702:6:PrintBig	24	static
main.c:721:6:PrintToBig	0	static
main.c:761:6:PrintRHTmprBig	32	static
main.c:799:6:myputc	16	static
main.c:790:6:PrintString	8	static
main.c:810:6:Screen0	16	static
main.c:123:5:main	40	static
main.c:835:6:_Error_Handler	8	static
