main.c:409:6:PinSet	0	static
main.c:414:6:PinReset	0	static
main.c:211:6:SystemClock_Config	72	static
main.c:419:6:SendBitSet	8	static
main.c:426:6:SendBitClr	8	static
main.c:433:6:SendByte	16	static
main.c:447:6:SendData	8	static
main.c:453:6:SendCom	8	static
main.c:379:6:LCD_Init	8	static
main.c:459:6:XadressLCD	0	static
main.c:464:6:YadressLCD	0	static
main.c:469:6:SetXY	8	static
main.c:477:6:LCD_RAM_Clr	16	static
main.c:496:6:PrintFrame	16	static
main.c:586:6:PrintFont	16	static
main.c:597:6:PinAOut	24	static
main.c:608:6:PinAIn	24	static
main.c:618:6:StartDHT	16	static
main.c:632:6:ReadDHT	40	static
main.c:660:6:PrintRHTmprFont	16	static
main.c:674:6:NextLine	8	static
main.c:682:6:PrintBig	24	static
main.c:701:6:PrintToBig	0	static
main.c:741:6:PrintRHTmprBig	32	static
main.c:779:6:myputc	16	static
main.c:770:6:PrintString	8	static
main.c:121:5:main	40	static
main.c:798:6:_Error_Handler	8	static
