main.c:1075:6:_Error_Handler.constprop	8	static
main.c:283:6:SystemClock_Config	104	static
main.c:504:6:PinAOut	24	static
main.c:514:6:PinAIn	24	static
main.c:524:6:StartDHT	32	static
main.c:538:6:ReadDHT	40	static
main.c:590:6:PrintBig	24	static
main.c:608:6:PrintToBig	0	static
main.c:647:6:PrintRHTmprBig	24	static
main.c:692:6:myputc	16	static
main.c:684:6:PrintString	8	static
main.c:702:6:PrintVariable	16	static
main.c:721:6:Screen0	16	static
main.c:740:6:Screen1	8	static
main.c:755:6:Switch0_1	8	static
main.c:762:6:Switch1_0	8	static
main.c:769:6:Switch1_2	8	static
main.c:776:6:Switch2_0	8	static
main.c:787:9:BME280_tmpr	40	static
main.c:819:10:BME280_h	64	static
main.c:868:6:BME280_reset	32	static
main.c:882:6:BME280_init	32	static
main.c:900:6:BME280_read	8	static
main.c:932:6:SSD1306_write	24	static
main.c:942:6:SSD1306_init	32	static
main.c:171:5:main	72	static
main.c:1075:6:_Error_Handler	8	static
