main.c:654:6:_Error_Handler.constprop	8	static
main.c:198:6:SystemClock_Config	72	static
main.c:374:6:PinAOut	24	static
main.c:384:6:PinAIn	24	static
main.c:394:6:StartDHT	16	static
main.c:408:6:ReadDHT	40	static
main.c:460:6:PrintBig	24	static
main.c:478:6:PrintToBig	0	static
main.c:517:6:PrintRHTmprBig	32	static
main.c:553:6:myputc	16	static
main.c:545:6:PrintString	8	static
main.c:563:6:PrintVariable	16	static
main.c:582:6:Screen0	16	static
main.c:119:5:main	64	static
main.c:601:6:Screen1	8	static
main.c:616:6:Switch0_1	8	static
main.c:623:6:Switch1_0	8	static
main.c:630:6:Switch1_2	8	static
main.c:637:6:Switch2_0	8	static
main.c:654:6:_Error_Handler	8	static
