stm32f1xx_it.c:67:6:NMI_Handler	0	static
stm32f1xx_it.c:80:6:HardFault_Handler	0	static
stm32f1xx_it.c:98:6:MemManage_Handler	0	static
stm32f1xx_it.c:116:6:BusFault_Handler	0	static
stm32f1xx_it.c:134:6:UsageFault_Handler	0	static
stm32f1xx_it.c:152:6:SVC_Handler	0	static
stm32f1xx_it.c:165:6:DebugMon_Handler	0	static
stm32f1xx_it.c:178:6:PendSV_Handler	0	static
stm32f1xx_it.c:191:6:SysTick_Handler	8	static
stm32f1xx_it.c:213:6:USB_LP_CAN1_RX0_IRQHandler	0	static
stm32f1xx_it.c:227:6:TIM3_IRQHandler	8	static
